Archive member included to satisfy reference by file (symbol)

/home/leduc/.conan/data/chibios/21.11.2/user/testing/package/3625404c4d807a945b92be1dc3c9ce9ecefdfd6d/lib/libch.a(chsys.o)
                              CMakeFiles/test.dir/main.cc.obj (chSysInit)
/home/leduc/.conan/data/chibios/21.11.2/user/testing/package/3625404c4d807a945b92be1dc3c9ce9ecefdfd6d/lib/libch.a(chvt.o)
                              /home/leduc/.conan/data/chibios/21.11.2/user/testing/package/3625404c4d807a945b92be1dc3c9ce9ecefdfd6d/lib/libch.a(chsys.o) (chVTDoTickI)
/home/leduc/.conan/data/chibios/21.11.2/user/testing/package/3625404c4d807a945b92be1dc3c9ce9ecefdfd6d/lib/libch.a(chschd.o)
                              /home/leduc/.conan/data/chibios/21.11.2/user/testing/package/3625404c4d807a945b92be1dc3c9ce9ecefdfd6d/lib/libch.a(chsys.o) (chSchRescheduleS)
/home/leduc/.conan/data/chibios/21.11.2/user/testing/package/3625404c4d807a945b92be1dc3c9ce9ecefdfd6d/lib/libch.a(chinstances.o)
                              /home/leduc/.conan/data/chibios/21.11.2/user/testing/package/3625404c4d807a945b92be1dc3c9ce9ecefdfd6d/lib/libch.a(chsys.o) (chInstanceObjectInit)
/home/leduc/.conan/data/chibios/21.11.2/user/testing/package/3625404c4d807a945b92be1dc3c9ce9ecefdfd6d/lib/libch.a(chthreads.o)
                              /home/leduc/.conan/data/chibios/21.11.2/user/testing/package/3625404c4d807a945b92be1dc3c9ce9ecefdfd6d/lib/libch.a(chinstances.o) (__thd_object_init)
/home/leduc/.conan/data/chibios/21.11.2/user/testing/package/3625404c4d807a945b92be1dc3c9ce9ecefdfd6d/lib/libch.a(chtm.o)
                              /home/leduc/.conan/data/chibios/21.11.2/user/testing/package/3625404c4d807a945b92be1dc3c9ce9ecefdfd6d/lib/libch.a(chsys.o) (chTMObjectInit)
/home/leduc/.conan/data/chibios/21.11.2/user/testing/package/3625404c4d807a945b92be1dc3c9ce9ecefdfd6d/lib/libch.a(chregistry.o)
                              /home/leduc/.conan/data/chibios/21.11.2/user/testing/package/3625404c4d807a945b92be1dc3c9ce9ecefdfd6d/lib/libch.a(chinstances.o) (ch_debug)
/home/leduc/.conan/data/chibios/21.11.2/user/testing/package/3625404c4d807a945b92be1dc3c9ce9ecefdfd6d/lib/libch.a(chmemcore.o)
                              /home/leduc/.conan/data/chibios/21.11.2/user/testing/package/3625404c4d807a945b92be1dc3c9ce9ecefdfd6d/lib/libch.a(chsys.o) (__core_init)
/home/leduc/.conan/data/chibios/21.11.2/user/testing/package/3625404c4d807a945b92be1dc3c9ce9ecefdfd6d/lib/libch.a(chmemheaps.o)
                              /home/leduc/.conan/data/chibios/21.11.2/user/testing/package/3625404c4d807a945b92be1dc3c9ce9ecefdfd6d/lib/libch.a(chsys.o) (__heap_init)
/home/leduc/.conan/data/chibios/21.11.2/user/testing/package/3625404c4d807a945b92be1dc3c9ce9ecefdfd6d/lib/libch.a(chmempools.o)
                              /home/leduc/.conan/data/chibios/21.11.2/user/testing/package/3625404c4d807a945b92be1dc3c9ce9ecefdfd6d/lib/libch.a(chthreads.o) (chPoolFree)
/home/leduc/.conan/data/chibios/21.11.2/user/testing/package/3625404c4d807a945b92be1dc3c9ce9ecefdfd6d/lib/libch.a(chfactory.o)
                              /home/leduc/.conan/data/chibios/21.11.2/user/testing/package/3625404c4d807a945b92be1dc3c9ce9ecefdfd6d/lib/libch.a(chsys.o) (__factory_init)
/home/leduc/.conan/data/chibios/21.11.2/user/testing/package/3625404c4d807a945b92be1dc3c9ce9ecefdfd6d/lib/libch.a(chcore.o)
                              /home/leduc/.conan/data/chibios/21.11.2/user/testing/package/3625404c4d807a945b92be1dc3c9ce9ecefdfd6d/lib/libch.a(chinstances.o) (port_init)
/home/leduc/.conan/data/chibios/21.11.2/user/testing/package/3625404c4d807a945b92be1dc3c9ce9ecefdfd6d/lib/libch.a(chcoreasm.o)
                              /home/leduc/.conan/data/chibios/21.11.2/user/testing/package/3625404c4d807a945b92be1dc3c9ce9ecefdfd6d/lib/libch.a(chschd.o) (__port_switch)
/home/leduc/.conan/data/chibios/21.11.2/user/testing/package/3625404c4d807a945b92be1dc3c9ce9ecefdfd6d/lib/libch.a(chsem.o)
                              /home/leduc/.conan/data/chibios/21.11.2/user/testing/package/3625404c4d807a945b92be1dc3c9ce9ecefdfd6d/lib/libch.a(chmempools.o) (chSemObjectInit)
/home/leduc/.conan/data/chibios/21.11.2/user/testing/package/3625404c4d807a945b92be1dc3c9ce9ecefdfd6d/lib/libch.a(chmtx.o)
                              /home/leduc/.conan/data/chibios/21.11.2/user/testing/package/3625404c4d807a945b92be1dc3c9ce9ecefdfd6d/lib/libch.a(chmemheaps.o) (chMtxObjectInit)
/home/leduc/.conan/data/chibios/21.11.2/user/testing/package/3625404c4d807a945b92be1dc3c9ce9ecefdfd6d/lib/libch.a(chmboxes.o)
                              /home/leduc/.conan/data/chibios/21.11.2/user/testing/package/3625404c4d807a945b92be1dc3c9ce9ecefdfd6d/lib/libch.a(chfactory.o) (chMBObjectInit)
/home/leduc/.conan/data/chibios/21.11.2/user/testing/package/3625404c4d807a945b92be1dc3c9ce9ecefdfd6d/lib/libch.a(chpipes.o)
[...]
Memory Configuration

Name             Origin             Length             Attributes
flash0           0x0000000008000000 0x0000000000040000 xr
flash1           0x0000000000000000 0x0000000000000000 xr
flash2           0x0000000000000000 0x0000000000000000 xr
flash3           0x0000000000000000 0x0000000000000000 xr
flash4           0x0000000000000000 0x0000000000000000 xr
flash5           0x0000000000000000 0x0000000000000000 xr
flash6           0x0000000000000000 0x0000000000000000 xr
flash7           0x0000000000000000 0x0000000000000000 xr
ram0             0x0000000020000000 0x0000000000010000 xw
ram1             0x0000000000000000 0x0000000000000000 xw
ram2             0x0000000000000000 0x0000000000000000 xw
ram3             0x0000000000000000 0x0000000000000000 xw
ram4             0x0000000000000000 0x0000000000000000 xw
ram5             0x0000000000000000 0x0000000000000000 xw
ram6             0x0000000000000000 0x0000000000000000 xw
ram7             0x0000000000000000 0x0000000000000000 xw
*default*        0x0000000000000000 0xffffffffffffffff

Linker script and memory map

LOAD /usr/lib/gcc/arm-none-eabi/10.3.1/thumb/v7e-m/nofp/crti.o
LOAD /usr/lib/gcc/arm-none-eabi/10.3.1/thumb/v7e-m/nofp/crtbegin.o
LOAD /usr/lib/gcc/arm-none-eabi/10.3.1/../../../arm-none-eabi/lib/thumb/v7e-m/nofp/crt0.o

.mstack         0x0000000020000000      0x400
                0x0000000020000000                . = ALIGN (0x8)
                0x0000000020000000                __main_stack_base__ = .
                0x0000000020000400                . = (. + __main_stack_size__)
 *fill*         0x0000000020000000      0x400 
                0x0000000020000400                . = ALIGN (0x8)
                0x0000000020000400                __main_stack_end__ = .

.pstack         0x0000000020000400      0x400
                0x0000000020000400                . = ALIGN (0x8)
                0x0000000020000400                __process_stack_base__ = .
                0x0000000020000400                __main_thread_stack_base__ = .
                0x0000000020000800                . = (. + __process_stack_size__)
 *fill*         0x0000000020000400      0x400 
                0x0000000020000800                . = ALIGN (0x8)
                0x0000000020000800                __process_stack_end__ = .
                0x0000000020000800                __main_thread_stack_end__ = .

.vectors        0x0000000008000000      0x1e0
                0x0000000008000000                __textvectors_base__ = LOADADDR (.vectors)
                0x0000000008000000                __vectors_base__ = .
 *(.vectors)
 .vectors       0x0000000008000000      0x1e0 CMakeFiles/test.dir/home/leduc/projet/ChibiOS_21.11.2/os/common/startup/ARMCMx/compilers/GCC/vectors.S.obj
                0x0000000008000000                _vectors
                0x00000000080001e0                __vectors_end__ = .

.xtors          0x00000000080001e0        0xc
                0x00000000080001e0                __init_array_base__ = .
 *(SORT_BY_NAME(.init_array.*))
 .init_array.00000
                0x00000000080001e0        0x4 /usr/lib/gcc/arm-none-eabi/10.3.1/../../../arm-none-eabi/lib/thumb/v7e-m/nofp/libc.a(lib_a-__call_atexit.o)
 *(.init_array)
 .init_array    0x00000000080001e4        0x4 /usr/lib/gcc/arm-none-eabi/10.3.1/thumb/v7e-m/nofp/crtbegin.o
                0x00000000080001e8                __init_array_end__ = .
                0x00000000080001e8                __fini_array_base__ = .
 *(.fini_array)
 .fini_array    0x00000000080001e8        0x4 /usr/lib/gcc/arm-none-eabi/10.3.1/thumb/v7e-m/nofp/crtbegin.o
 *(SORT_BY_NAME(.fini_array.*))
                0x00000000080001ec                __fini_array_end__ = .

.text           0x00000000080001f0     0x2d68
                0x00000000080001f0                __text_base__ = .
 *(.text)
 .text          0x00000000080001f0       0x88 /usr/lib/gcc/arm-none-eabi/10.3.1/thumb/v7e-m/nofp/crtbegin.o
 .text          0x0000000008000278      0x138 CMakeFiles/test.dir/main.cc.obj
                0x00000000080002b6                operator new(unsigned int)
                0x00000000080002d0                operator new[](unsigned int)
                0x00000000080002ea                operator delete(void*)
                0x0000000008000300                operator delete[](void*)
                0x0000000008000316                operator delete(void*, unsigned int)
                0x000000000800032e                operator delete[](void*, unsigned int)
                0x0000000008000360                main
 .text          0x00000000080003b0       0xd8 CMakeFiles/test.dir/home/leduc/projet/ChibiOS_21.11.2/os/common/startup/ARMCMx/compilers/GCC/crt0_v7m.S.obj
                0x00000000080003b0                _crt0_entry
 .text          0x0000000008000488      0x128 CMakeFiles/test.dir/home/leduc/projet/ChibiOS_21.11.2/os/common/startup/ARMCMx/compilers/GCC/crt1.c.obj
                0x0000000008000488                __cpu_init
                0x00000000080004a0                __early_init
                0x00000000080004b8                __late_init
                0x00000000080004d0                __default_exit
                0x00000000080004dc                __init_ram_areas
 .text          0x00000000080005b0        0x8 CMakeFiles/test.dir/home/leduc/projet/ChibiOS_21.11.2/os/common/startup/ARMCMx/compilers/GCC/vectors.S.obj
                0x00000000080005b0                Reset_Handler
                0x00000000080005b2                Vector58
                0x00000000080005b2                VectorE8
                0x00000000080005b2                Vector9C
                0x00000000080005b2                VectorAC
                0x00000000080005b2                DebugMon_Handler
                0x00000000080005b2                Vector1A0
                0x00000000080005b2                Vector5C
                0x00000000080005b2                Vector11C
                0x00000000080005b2                HardFault_Handler
                0x00000000080005b2                Vector1B8
                0x00000000080005b2                Vector19C
                0x00000000080005b2                Vector8C
                0x00000000080005b2                SysTick_Handler
                0x00000000080005b2                VectorDC
                0x00000000080005b2                PendSV_Handler
                0x00000000080005b2                Vector168
                0x00000000080005b2                NMI_Handler
                0x00000000080005b2                Vector110
                0x00000000080005b2                Vector120
                0x00000000080005b2                Vector1D8
                0x00000000080005b2                VectorC8
                0x00000000080005b2                Vector94
                0x00000000080005b2                VectorA8
                0x00000000080005b2                VectorB4
                0x00000000080005b2                Vector74
                0x00000000080005b2                Vector160
                0x00000000080005b2                Vector1B0
                0x00000000080005b2                UsageFault_Handler
                0x00000000080005b2                VectorEC
                0x00000000080005b2                Vector40
                0x00000000080005b2                VectorF8
                0x00000000080005b2                Vector108
                0x00000000080005b2                VectorBC
                0x00000000080005b2                Vector190
                0x00000000080005b2                Vector150
                0x00000000080005b2                Vector124
                0x00000000080005b2                Vector1C4
                0x00000000080005b2                Vector1CC
                0x00000000080005b2                Vector148
                0x00000000080005b2                Vector188
                0x00000000080005b2                Vector198
                0x00000000080005b2                Vector118
                0x00000000080005b2                Vector64
                0x00000000080005b2                VectorCC
                0x00000000080005b2                Vector54
                0x00000000080005b2                Vector98
                0x00000000080005b2                VectorD8
                0x00000000080005b2                Vector138
                0x00000000080005b2                Vector24
                0x00000000080005b2                Vector1AC
                0x00000000080005b2                Vector178
                0x00000000080005b2                Vector84
                0x00000000080005b2                SecureFault_Handler
                0x00000000080005b2                Vector1A4
                0x00000000080005b2                VectorD0
                0x00000000080005b2                Vector1B4
                0x00000000080005b2                Vector140
                0x00000000080005b2                VectorE4
                0x00000000080005b2                VectorC0
                0x00000000080005b2                Vector158
                0x00000000080005b2                Vector130
                0x00000000080005b2                Vector1C0
                0x00000000080005b2                Vector134
                0x00000000080005b2                Vector1D0
                0x00000000080005b2                VectorF0
                0x00000000080005b2                Vector12C
                0x00000000080005b2                Vector13C
                0x00000000080005b2                Vector100
                0x00000000080005b2                VectorE0
                0x00000000080005b2                VectorF4
                0x00000000080005b2                MemManage_Handler
                0x00000000080005b2                Vector6C
                0x00000000080005b2                VectorA0
                0x00000000080005b2                VectorC4
                0x00000000080005b2                Vector7C
                0x00000000080005b2                Vector180
                0x00000000080005b2                VectorB0
                0x00000000080005b2                Vector90
                0x00000000080005b2                Vector114
                0x00000000080005b2                Vector164
                0x00000000080005b2                Vector60
                0x00000000080005b2                Vector1BC
                0x00000000080005b2                Vector1D4
                0x00000000080005b2                Vector17C
                0x00000000080005b2                Vector48
                0x00000000080005b2                Vector1A8
                0x00000000080005b2                Vector16C
                0x00000000080005b2                Vector70
                0x00000000080005b2                VectorD4
                0x00000000080005b2                Vector4C
                0x00000000080005b2                Vector144
                0x00000000080005b2                Vector80
                0x00000000080005b2                Vector15C
                0x00000000080005b2                Vector68
                0x00000000080005b2                Vector78
                0x00000000080005b2                Vector170
                0x00000000080005b2                Vector88
                0x00000000080005b2                Vector104
                0x00000000080005b2                Vector184
                0x00000000080005b2                Vector10C
                0x00000000080005b2                Vector14C
                0x00000000080005b2                BusFault_Handler
                0x00000000080005b2                Vector50
                0x00000000080005b2                Vector1C8
                0x00000000080005b2                Vector194
                0x00000000080005b2                Vector1DC
                0x00000000080005b2                Vector154
                0x00000000080005b2                Vector44
                0x00000000080005b2                Vector28
                0x00000000080005b2                VectorB8
                0x00000000080005b2                VectorFC
                0x00000000080005b2                Vector34
                0x00000000080005b2                Vector128
                0x00000000080005b2                VectorA4
                0x00000000080005b2                Vector20
                0x00000000080005b2                Vector18C
                0x00000000080005b2                Vector174
                0x00000000080005b6                _unhandled_exception
 .text          0x00000000080005b8      0x254 CMakeFiles/test.dir/home/leduc/projet/ChibiOS_21.11.2/os/various/syscalls.c.obj
                0x00000000080005b8                _read_r
                0x00000000080005f4                _lseek_r
                0x0000000008000624                _write_r
                0x0000000008000654                _open_r
                0x0000000008000690                _close_r
                0x00000000080006b8                _sbrk_r
                0x0000000008000718                _fstat_r
                0x0000000008000760                _isatty_r
                0x0000000008000788                _exit
                0x00000000080007a8                _kill
                0x00000000080007cc                _getpid
                0x00000000080007e8                __cxa_pure_virtual
 .text          0x000000000800080c       0x2a /home/leduc/.conan/data/chibios/21.11.2/user/testing/package/3625404c4d807a945b92be1dc3c9ce9ecefdfd6d/lib/libch.a(chcoreasm.o)
                0x000000000800080c                __port_switch
                0x000000000800081c                __port_thread_start
                0x000000000800082e                __port_switch_from_isr
                0x0000000008000832                __port_exit_from_isr
 *fill*         0x0000000008000836        0x2 
 .text          0x0000000008000838      0x9d8 /usr/lib/gcc/arm-none-eabi/10.3.1/thumb/v7e-m/nofp/libgcc.a(unwind-arm.o)
                0x0000000008000ae0                _Unwind_GetCFA
                0x0000000008000ae4                __gnu_Unwind_RaiseException
                0x0000000008000b4c                __gnu_Unwind_ForcedUnwind
                0x0000000008000b5c                __gnu_Unwind_Resume
                0x0000000008000ba0                __gnu_Unwind_Resume_or_Rethrow
                0x0000000008000bb0                _Unwind_Complete
                0x0000000008000bb4                _Unwind_DeleteException
                0x0000000008000bc0                _Unwind_VRS_Get
                0x0000000008000c0c                _Unwind_VRS_Set
                0x0000000008000c54                __gnu_Unwind_Backtrace
                0x0000000008000f80                __aeabi_unwind_cpp_pr0
                0x0000000008000f84                __aeabi_unwind_cpp_pr1
                0x0000000008000f88                __aeabi_unwind_cpp_pr2
                0x0000000008000f8c                _Unwind_VRS_Pop
 .text          0x0000000008001210      0x1ac /usr/lib/gcc/arm-none-eabi/10.3.1/thumb/v7e-m/nofp/libgcc.a(libunwind.o)
                0x0000000008001210                __restore_core_regs
                0x0000000008001210                restore_core_regs
                0x0000000008001228                __gnu_Unwind_Restore_VFP
                0x0000000008001230                __gnu_Unwind_Save_VFP
                0x0000000008001238                __gnu_Unwind_Restore_VFP_D
                0x0000000008001240                __gnu_Unwind_Save_VFP_D
                0x0000000008001248                __gnu_Unwind_Restore_VFP_D_16_to_31
                0x0000000008001250                __gnu_Unwind_Save_VFP_D_16_to_31
                0x0000000008001258                __gnu_Unwind_Restore_WMMXD
                0x000000000800129c                __gnu_Unwind_Save_WMMXD
                0x00000000080012e0                __gnu_Unwind_Restore_WMMXC
                0x00000000080012f4                __gnu_Unwind_Save_WMMXC
                0x0000000008001308                ___Unwind_RaiseException
                0x0000000008001308                _Unwind_RaiseException
                0x000000000800132c                ___Unwind_Resume
                0x000000000800132c                _Unwind_Resume
                0x0000000008001350                _Unwind_Resume_or_Rethrow
                0x0000000008001350                ___Unwind_Resume_or_Rethrow
                0x0000000008001374                ___Unwind_ForcedUnwind
                0x0000000008001374                _Unwind_ForcedUnwind
                0x0000000008001398                _Unwind_Backtrace
                0x0000000008001398                ___Unwind_Backtrace
 .text          0x00000000080013bc      0x350 /usr/lib/gcc/arm-none-eabi/10.3.1/thumb/v7e-m/nofp/libgcc.a(pr-support.o)
                0x0000000008001414                __gnu_unwind_execute
                0x00000000080016c0                __gnu_unwind_frame
                0x00000000080016ec                _Unwind_GetRegionStart
                0x00000000080016f8                _Unwind_GetLanguageSpecificData
 .text          0x000000000800170c       0x10 /usr/lib/gcc/arm-none-eabi/10.3.1/../../../arm-none-eabi/lib/thumb/v7e-m/nofp/libc.a(lib_a-abort.o)
                0x000000000800170c                abort
 .text          0x000000000800171c        0xc /usr/lib/gcc/arm-none-eabi/10.3.1/../../../arm-none-eabi/lib/thumb/v7e-m/nofp/libc.a(lib_a-atexit.o)
                0x000000000800171c                atexit
 .text          0x0000000008001728       0x2c /usr/lib/gcc/arm-none-eabi/10.3.1/../../../arm-none-eabi/lib/thumb/v7e-m/nofp/libc.a(lib_a-fini.o)
                0x0000000008001728                __libc_fini_array
 .text          0x0000000008001754      0x134 /usr/lib/gcc/arm-none-eabi/10.3.1/../../../arm-none-eabi/lib/thumb/v7e-m/nofp/libc.a(lib_a-memcpy.o)
                0x0000000008001754                memcpy
 .text          0x0000000008001888       0xa4 /usr/lib/gcc/arm-none-eabi/10.3.1/../../../arm-none-eabi/lib/thumb/v7e-m/nofp/libc.a(lib_a-memset.o)
                0x0000000008001888                memset
 .text          0x000000000800192c      0x288 /usr/lib/gcc/arm-none-eabi/10.3.1/../../../arm-none-eabi/lib/thumb/v7e-m/nofp/libc.a(lib_a-signal.o)
                0x000000000800192c                _init_signal_r
                0x000000000800195c                _signal_r
                0x00000000080019a8                _raise_r
                0x0000000008001a00                __sigtramp_r
                0x0000000008001a64                raise
                0x0000000008001ac0                signal
                0x0000000008001b14                _init_signal
                0x0000000008001b4c                __sigtramp
 .text          0x0000000008001bb4       0x30 /usr/lib/gcc/arm-none-eabi/10.3.1/../../../arm-none-eabi/lib/thumb/v7e-m/nofp/libc.a(lib_a-signalr.o)
                0x0000000008001bb4                _kill_r
                0x0000000008001be0                _getpid_r
 .text          0x0000000008001be4       0x68 /usr/lib/gcc/arm-none-eabi/10.3.1/../../../arm-none-eabi/lib/thumb/v7e-m/nofp/libc.a(lib_a-__atexit.o)
                0x0000000008001be4                __register_exitproc
 .text          0x0000000008001c4c      0x554 /usr/lib/gcc/arm-none-eabi/10.3.1/../../../arm-none-eabi/lib/thumb/v7e-m/nofp/libc.a(lib_a-mallocr.o)
                0x0000000008001c4c                _malloc_r
 .text          0x00000000080021a0        0x8 /usr/lib/gcc/arm-none-eabi/10.3.1/../../../arm-none-eabi/lib/thumb/v7e-m/nofp/libc.a(lib_a-mlock.o)
                0x00000000080021a0                __malloc_lock
                0x00000000080021a4                __malloc_unlock
 .text          0x00000000080021a8      0x2ac /usr/lib/gcc/arm-none-eabi/10.3.1/../../../arm-none-eabi/lib/thumb/v7e-m/nofp/libc.a(lib_a-freer.o)
                0x00000000080021a8                _malloc_trim_r
                0x0000000008002248                _free_r
 *(.text.*)
 *fill*         0x0000000008002454        0xc 
 .text.chSysInit
                0x0000000008002460       0x58 /home/leduc/.conan/data/chibios/21.11.2/user/testing/package/3625404c4d807a945b92be1dc3c9ce9ecefdfd6d/lib/libch.a(chsys.o)
                0x0000000008002460                chSysInit
 *fill*         0x00000000080024b8        0x8 
 .text.chSysHalt
                0x00000000080024c0       0x18 /home/leduc/.conan/data/chibios/21.11.2/user/testing/package/3625404c4d807a945b92be1dc3c9ce9ecefdfd6d/lib/libch.a(chsys.o)
                0x00000000080024c0                chSysHalt
 *fill*         0x00000000080024d8        0x8 
 .text.chVTDoSetI
                0x00000000080024e0       0x40 /home/leduc/.conan/data/chibios/21.11.2/user/testing/package/3625404c4d807a945b92be1dc3c9ce9ecefdfd6d/lib/libch.a(chvt.o)
                0x00000000080024e0                chVTDoSetI
 .text.chVTDoResetI
                0x0000000008002520       0x28 /home/leduc/.conan/data/chibios/21.11.2/user/testing/package/3625404c4d807a945b92be1dc3c9ce9ecefdfd6d/lib/libch.a(chvt.o)
                0x0000000008002520                chVTDoResetI
 *fill*         0x0000000008002548        0x8 
 .text.__sch_wakeup
                0x0000000008002550       0x68 /home/leduc/.conan/data/chibios/21.11.2/user/testing/package/3625404c4d807a945b92be1dc3c9ce9ecefdfd6d/lib/libch.a(chschd.o)
 *fill*         0x00000000080025b8        0x8 
 .text.chSchReadyI
                0x00000000080025c0       0x20 /home/leduc/.conan/data/chibios/21.11.2/user/testing/package/3625404c4d807a945b92be1dc3c9ce9ecefdfd6d/lib/libch.a(chschd.o)
                0x00000000080025c0                chSchReadyI
 .text.chSchGoSleepS
                0x00000000080025e0       0x28 /home/leduc/.conan/data/chibios/21.11.2/user/testing/package/3625404c4d807a945b92be1dc3c9ce9ecefdfd6d/lib/libch.a(chschd.o)
                0x00000000080025e0                chSchGoSleepS
 *fill*         0x0000000008002608        0x8 
 .text.chSchGoSleepTimeoutS
                0x0000000008002610       0x6c /home/leduc/.conan/data/chibios/21.11.2/user/testing/package/3625404c4d807a945b92be1dc3c9ce9ecefdfd6d/lib/libch.a(chschd.o)
                0x0000000008002610                chSchGoSleepTimeoutS
 *fill*         0x000000000800267c        0x4 
 .text.chSchWakeupS
                0x0000000008002680       0x5c /home/leduc/.conan/data/chibios/21.11.2/user/testing/package/3625404c4d807a945b92be1dc3c9ce9ecefdfd6d/lib/libch.a(chschd.o)
                0x0000000008002680                chSchWakeupS
 *fill*         0x00000000080026dc        0x4 
 .text.chSchDoPreemption
                0x00000000080026e0       0x3c /home/leduc/.conan/data/chibios/21.11.2/user/testing/package/3625404c4d807a945b92be1dc3c9ce9ecefdfd6d/lib/libch.a(chschd.o)
                0x00000000080026e0                chSchDoPreemption
 *fill*         0x000000000800271c        0x4 
 .text.chSchRescheduleS
                0x0000000008002720       0x18 /home/leduc/.conan/data/chibios/21.11.2/user/testing/package/3625404c4d807a945b92be1dc3c9ce9ecefdfd6d/lib/libch.a(chschd.o)
                0x0000000008002720                chSchRescheduleS
 *fill*         0x0000000008002738        0x8 
 .text.__idle_thread
                0x0000000008002740        0x4 /home/leduc/.conan/data/chibios/21.11.2/user/testing/package/3625404c4d807a945b92be1dc3c9ce9ecefdfd6d/lib/libch.a(chinstances.o)
 *fill*         0x0000000008002744        0xc 
 .text.chInstanceObjectInit
                0x0000000008002750       0x98 /home/leduc/.conan/data/chibios/21.11.2/user/testing/package/3625404c4d807a945b92be1dc3c9ce9ecefdfd6d/lib/libch.a(chinstances.o)
                0x0000000008002750                chInstanceObjectInit
 *fill*         0x00000000080027e8        0x8 
 .text.__thd_object_init
                0x00000000080027f0       0x40 /home/leduc/.conan/data/chibios/21.11.2/user/testing/package/3625404c4d807a945b92be1dc3c9ce9ecefdfd6d/lib/libch.a(chthreads.o)
                0x00000000080027f0                __thd_object_init
 .text.chThdCreateSuspendedI
                0x0000000008002830       0x88 /home/leduc/.conan/data/chibios/21.11.2/user/testing/package/3625404c4d807a945b92be1dc3c9ce9ecefdfd6d/lib/libch.a(chthreads.o)
                0x0000000008002830                chThdCreateSuspendedI
 *fill*         0x00000000080028b8        0x8 
 .text.chThdCreateI
                0x00000000080028c0       0x10 /home/leduc/.conan/data/chibios/21.11.2/user/testing/package/3625404c4d807a945b92be1dc3c9ce9ecefdfd6d/lib/libch.a(chthreads.o)
                0x00000000080028c0                chThdCreateI
 .text.chThdCreateStatic
                0x00000000080028d0       0x7c /home/leduc/.conan/data/chibios/21.11.2/user/testing/package/3625404c4d807a945b92be1dc3c9ce9ecefdfd6d/lib/libch.a(chthreads.o)
                0x00000000080028d0                chThdCreateStatic
 *fill*         0x000000000800294c        0x4 
 .text.chThdExitS
                0x0000000008002950       0x48 /home/leduc/.conan/data/chibios/21.11.2/user/testing/package/3625404c4d807a945b92be1dc3c9ce9ecefdfd6d/lib/libch.a(chthreads.o)
                0x0000000008002950                chThdExitS
 *fill*         0x0000000008002998        0x8 
 .text.chThdExit
                0x00000000080029a0        0xc /home/leduc/.conan/data/chibios/21.11.2/user/testing/package/3625404c4d807a945b92be1dc3c9ce9ecefdfd6d/lib/libch.a(chthreads.o)
                0x00000000080029a0                chThdExit
 *fill*         0x00000000080029ac        0x4 
 .text.chThdSleep
                0x00000000080029b0       0x18 /home/leduc/.conan/data/chibios/21.11.2/user/testing/package/3625404c4d807a945b92be1dc3c9ce9ecefdfd6d/lib/libch.a(chthreads.o)
                0x00000000080029b0                chThdSleep
 *fill*         0x00000000080029c8        0x8 
 .text.chTMObjectInit
                0x00000000080029d0       0x18 /home/leduc/.conan/data/chibios/21.11.2/user/testing/package/3625404c4d807a945b92be1dc3c9ce9ecefdfd6d/lib/libch.a(chtm.o)
                0x00000000080029d0                chTMObjectInit
 *fill*         0x00000000080029e8        0x8 
 .text.chTMStartMeasurementX
                0x00000000080029f0        0xc /home/leduc/.conan/data/chibios/21.11.2/user/testing/package/3625404c4d807a945b92be1dc3c9ce9ecefdfd6d/lib/libch.a(chtm.o)
                0x00000000080029f0                chTMStartMeasurementX
 *fill*         0x00000000080029fc        0x4 
 .text.chTMStopMeasurementX
                0x0000000008002a00       0x44 /home/leduc/.conan/data/chibios/21.11.2/user/testing/package/3625404c4d807a945b92be1dc3c9ce9ecefdfd6d/lib/libch.a(chtm.o)
                0x0000000008002a00                chTMStopMeasurementX
 *fill*         0x0000000008002a44        0xc 
 .text.__core_init
                0x0000000008002a50       0x18 /home/leduc/.conan/data/chibios/21.11.2/user/testing/package/3625404c4d807a945b92be1dc3c9ce9ecefdfd6d/lib/libch.a(chmemcore.o)
                0x0000000008002a50                __core_init
 *fill*         0x0000000008002a68        0x8 
 .text.chCoreAllocFromTopI
                0x0000000008002a70       0x28 /home/leduc/.conan/data/chibios/21.11.2/user/testing/package/3625404c4d807a945b92be1dc3c9ce9ecefdfd6d/lib/libch.a(chmemcore.o)
                0x0000000008002a70                chCoreAllocFromTopI
 *fill*         0x0000000008002a98        0x8 
 .text.chCoreAllocFromBase
                0x0000000008002aa0       0x40 /home/leduc/.conan/data/chibios/21.11.2/user/testing/package/3625404c4d807a945b92be1dc3c9ce9ecefdfd6d/lib/libch.a(chmemcore.o)
                0x0000000008002aa0                chCoreAllocFromBase
 .text.chCoreAllocFromTop
                0x0000000008002ae0       0x3c /home/leduc/.conan/data/chibios/21.11.2/user/testing/package/3625404c4d807a945b92be1dc3c9ce9ecefdfd6d/lib/libch.a(chmemcore.o)
                0x0000000008002ae0                chCoreAllocFromTop
 *fill*         0x0000000008002b1c        0x4 
 .text.__heap_init
                0x0000000008002b20       0x1c /home/leduc/.conan/data/chibios/21.11.2/user/testing/package/3625404c4d807a945b92be1dc3c9ce9ecefdfd6d/lib/libch.a(chmemheaps.o)
                0x0000000008002b20                __heap_init
 *fill*         0x0000000008002b3c        0x4 
 .text.chHeapAllocAligned
                0x0000000008002b40      0x110 /home/leduc/.conan/data/chibios/21.11.2/user/testing/package/3625404c4d807a945b92be1dc3c9ce9ecefdfd6d/lib/libch.a(chmemheaps.o)
                0x0000000008002b40                chHeapAllocAligned
 .text.chHeapFree
                0x0000000008002c50       0x94 /home/leduc/.conan/data/chibios/21.11.2/user/testing/package/3625404c4d807a945b92be1dc3c9ce9ecefdfd6d/lib/libch.a(chmemheaps.o)
                0x0000000008002c50                chHeapFree
 *fill*         0x0000000008002ce4        0xc 
 .text.chPoolObjectInitAligned
                0x0000000008002cf0       0x10 /home/leduc/.conan/data/chibios/21.11.2/user/testing/package/3625404c4d807a945b92be1dc3c9ce9ecefdfd6d/lib/libch.a(chmempools.o)
                0x0000000008002cf0                chPoolObjectInitAligned
 .text.chCoreAllocAlignedI
                0x0000000008002d00        0x8 /home/leduc/.conan/data/chibios/21.11.2/user/testing/package/3625404c4d807a945b92be1dc3c9ce9ecefdfd6d/lib/libch.a(chfactory.o)
 *fill*         0x0000000008002d08        0x8 
 .text.__factory_init
                0x0000000008002d10       0x54 /home/leduc/.conan/data/chibios/21.11.2/user/testing/package/3625404c4d807a945b92be1dc3c9ce9ecefdfd6d/lib/libch.a(chfactory.o)
                0x0000000008002d10                __factory_init
 *fill*         0x0000000008002d64        0xc 
 .text.SVC_Handler
                0x0000000008002d70       0x14 /home/leduc/.conan/data/chibios/21.11.2/user/testing/package/3625404c4d807a945b92be1dc3c9ce9ecefdfd6d/lib/libch.a(chcore.o)
                0x0000000008002d70                SVC_Handler
 *fill*         0x0000000008002d84        0xc 
 .text.port_init
                0x0000000008002d90       0x4c /home/leduc/.conan/data/chibios/21.11.2/user/testing/package/3625404c4d807a945b92be1dc3c9ce9ecefdfd6d/lib/libch.a(chcore.o)
                0x0000000008002d90                port_init
 *fill*         0x0000000008002ddc        0x4 
 .text.chMtxObjectInit
                0x0000000008002de0        0xc /home/leduc/.conan/data/chibios/21.11.2/user/testing/package/3625404c4d807a945b92be1dc3c9ce9ecefdfd6d/lib/libch.a(chmtx.o)
                0x0000000008002de0                chMtxObjectInit
 *fill*         0x0000000008002dec        0x4 
 .text.chMtxLockS
                0x0000000008002df0       0xc4 /home/leduc/.conan/data/chibios/21.11.2/user/testing/package/3625404c4d807a945b92be1dc3c9ce9ecefdfd6d/lib/libch.a(chmtx.o)
                0x0000000008002df0                chMtxLockS
 *fill*         0x0000000008002eb4        0xc 
 .text.chMtxLock
                0x0000000008002ec0       0x14 /home/leduc/.conan/data/chibios/21.11.2/user/testing/package/3625404c4d807a945b92be1dc3c9ce9ecefdfd6d/lib/libch.a(chmtx.o)
                0x0000000008002ec0                chMtxLock
 *fill*         0x0000000008002ed4        0xc 
 .text.chMtxUnlock
                0x0000000008002ee0       0x64 /home/leduc/.conan/data/chibios/21.11.2/user/testing/package/3625404c4d807a945b92be1dc3c9ce9ecefdfd6d/lib/libch.a(chmtx.o)
                0x0000000008002ee0                chMtxUnlock
 .text.startup  0x0000000008002f44       0x14 /usr/lib/gcc/arm-none-eabi/10.3.1/../../../arm-none-eabi/lib/thumb/v7e-m/nofp/libc.a(lib_a-__call_atexit.o)
 *(.glue_7t)
 .glue_7t       0x0000000008002f58        0x0 linker stubs
 *(.glue_7)
 .glue_7        0x0000000008002f58        0x0 linker stubs
 *(.gcc*)
                0x0000000008002f58                __text_end__ = .

.vfp11_veneer   0x0000000008002f58        0x0
 .vfp11_veneer  0x0000000008002f58        0x0 linker stubs

.v4_bx          0x0000000008002f58        0x0
 .v4_bx         0x0000000008002f58        0x0 linker stubs

.init           0x0000000008002f58        0x4
 .init          0x0000000008002f58        0x4 /usr/lib/gcc/arm-none-eabi/10.3.1/thumb/v7e-m/nofp/crti.o
                0x0000000008002f58                _init

.fini           0x0000000008002f5c        0x4
 .fini          0x0000000008002f5c        0x4 /usr/lib/gcc/arm-none-eabi/10.3.1/thumb/v7e-m/nofp/crti.o
                0x0000000008002f5c                _fini

.iplt           0x0000000008002f60        0x0
 .iplt          0x0000000008002f60        0x0 /usr/lib/gcc/arm-none-eabi/10.3.1/thumb/v7e-m/nofp/crtbegin.o

.rodata         0x0000000008002f60      0x15c
                0x0000000008002f60                __rodata_base__ = .
 *(.rodata)
 .rodata        0x0000000008002f60       0x77 CMakeFiles/test.dir/main.cc.obj
 *fill*         0x0000000008002fd7        0x1 
 .rodata        0x0000000008002fd8       0x80 CMakeFiles/test.dir/home/leduc/projet/ChibiOS_21.11.2/os/common/startup/ARMCMx/compilers/GCC/crt1.c.obj
 .rodata        0x0000000008003058       0x1d CMakeFiles/test.dir/home/leduc/projet/ChibiOS_21.11.2/os/various/syscalls.c.obj
 *fill*         0x0000000008003075        0x3 
 .rodata        0x0000000008003078        0x4 /usr/lib/gcc/arm-none-eabi/10.3.1/../../../arm-none-eabi/lib/thumb/v7e-m/nofp/libc.a(lib_a-impure.o)
                0x0000000008003078                _global_impure_ptr
 *(.rodata.*)
 .rodata.str1.4
                0x000000000800307c        0x3 /home/leduc/.conan/data/chibios/21.11.2/user/testing/package/3625404c4d807a945b92be1dc3c9ce9ecefdfd6d/lib/libch.a(chsys.o)
 *fill*         0x000000000800307f        0x1 
 .rodata.ch_core0_cfg
                0x0000000008003080       0x14 /home/leduc/.conan/data/chibios/21.11.2/user/testing/package/3625404c4d807a945b92be1dc3c9ce9ecefdfd6d/lib/libch.a(chsys.o)
                0x0000000008003080                ch_core0_cfg
 .rodata.chInstanceObjectInit.str1.4
                0x0000000008003094        0x5 /home/leduc/.conan/data/chibios/21.11.2/user/testing/package/3625404c4d807a945b92be1dc3c9ce9ecefdfd6d/lib/libch.a(chinstances.o)
 *fill*         0x0000000008003099        0x3 
 .rodata.chThdCreateStatic.str1.4
                0x000000000800309c        0x7 /home/leduc/.conan/data/chibios/21.11.2/user/testing/package/3625404c4d807a945b92be1dc3c9ce9ecefdfd6d/lib/libch.a(chthreads.o)
 *fill*         0x00000000080030a3        0x1 
 .rodata.ch_debug
                0x00000000080030a4       0x16 /home/leduc/.conan/data/chibios/21.11.2/user/testing/package/3625404c4d807a945b92be1dc3c9ce9ecefdfd6d/lib/libch.a(chregistry.o)
                0x00000000080030a4                ch_debug
                0x00000000080030bc                . = ALIGN (0x4)
 *fill*         0x00000000080030ba        0x2 
                0x00000000080030bc                __rodata_end__ = .

.ARM.extab      0x00000000080030bc       0x78
 *(.ARM.extab* .gnu.linkonce.armextab.*)
 .ARM.extab     0x00000000080030bc       0x60 CMakeFiles/test.dir/main.cc.obj
 .ARM.extab     0x000000000800311c       0x18 /usr/lib/gcc/arm-none-eabi/10.3.1/thumb/v7e-m/nofp/libgcc.a(pr-support.o)

.ARM.exidx      0x0000000008003134      0x108
                0x0000000008003134                __exidx_base__ = .
                0x0000000008003134                __exidx_start = .
 *(.ARM.exidx* .gnu.linkonce.armexidx.*)
 .ARM.exidx     0x0000000008003134       0x58 CMakeFiles/test.dir/main.cc.obj
                                         0x50 (size before relaxing)
 .ARM.exidx     0x000000000800318c       0x78 /usr/lib/gcc/arm-none-eabi/10.3.1/thumb/v7e-m/nofp/libgcc.a(unwind-arm.o)
                                         0xd8 (size before relaxing)
 .ARM.exidx     0x0000000008003204       0x38 /usr/lib/gcc/arm-none-eabi/10.3.1/thumb/v7e-m/nofp/libgcc.a(pr-support.o)
                0x000000000800323c                __exidx_end__ = .
                0x000000000800323c                __exidx_end = .

.eh_frame_hdr
 *(.eh_frame_hdr)

.eh_frame       0x000000000800323c        0x0
 *(.eh_frame)
 .eh_frame      0x000000000800323c        0x0 /usr/lib/gcc/arm-none-eabi/10.3.1/thumb/v7e-m/nofp/crtbegin.o

.rel.dyn        0x000000000800323c        0x0
 .rel.iplt      0x000000000800323c        0x0 /usr/lib/gcc/arm-none-eabi/10.3.1/thumb/v7e-m/nofp/crtbegin.o

.data           0x0000000020000800      0x840 load address 0x000000000800323c
                [!provide]                        PROVIDE (_textdata = LOADADDR (.data))
                [!provide]                        PROVIDE (_data = .)
                0x000000000800323c                __textdata_base__ = LOADADDR (.data)
                0x0000000020000800                __data_base__ = .
 *(.data)
 .data          0x0000000020000800      0x430 /usr/lib/gcc/arm-none-eabi/10.3.1/../../../arm-none-eabi/lib/thumb/v7e-m/nofp/libc.a(lib_a-impure.o)
                0x0000000020000800                _impure_ptr
 .data          0x0000000020000c30      0x410 /usr/lib/gcc/arm-none-eabi/10.3.1/../../../arm-none-eabi/lib/thumb/v7e-m/nofp/libc.a(lib_a-mallocr.o)
                0x0000000020000c30                __malloc_av_
                0x0000000020001038                __malloc_sbrk_base
                0x000000002000103c                __malloc_trim_threshold
 *(.data.*)
 *(.ramtext)
                0x0000000020001040                . = ALIGN (0x4)
                [!provide]                        PROVIDE (_edata = .)
                0x0000000020001040                __data_end__ = .

.tm_clone_table
                0x0000000020001040        0x0 load address 0x0000000008003a7c
 .tm_clone_table
                0x0000000020001040        0x0 /usr/lib/gcc/arm-none-eabi/10.3.1/thumb/v7e-m/nofp/crtbegin.o
 .tm_clone_table
                0x0000000020001040        0x0 /usr/lib/gcc/arm-none-eabi/10.3.1/thumb/v7e-m/nofp/crtend.o

.igot.plt       0x0000000020001040        0x0 load address 0x0000000008003a7c
 .igot.plt      0x0000000020001040        0x0 /usr/lib/gcc/arm-none-eabi/10.3.1/thumb/v7e-m/nofp/crtbegin.o

.bss            0x0000000020001040      0x438 load address 0x0000000008003a7c
                0x0000000020001040                __bss_base__ = .
 *(.bss)
 .bss           0x0000000020001040       0x1c /usr/lib/gcc/arm-none-eabi/10.3.1/thumb/v7e-m/nofp/crtbegin.o
 *fill*         0x000000002000105c        0x4 
 .bss           0x0000000020001060      0x1e0 CMakeFiles/test.dir/main.cc.obj
 .bss           0x0000000020001240       0x34 /usr/lib/gcc/arm-none-eabi/10.3.1/../../../arm-none-eabi/lib/thumb/v7e-m/nofp/libc.a(lib_a-mallocr.o)
                0x0000000020001240                __malloc_top_pad
                0x0000000020001244                __malloc_current_mallinfo
                0x000000002000126c                __malloc_max_sbrked_mem
                0x0000000020001270                __malloc_max_total_mem
 .bss           0x0000000020001274        0x4 /usr/lib/gcc/arm-none-eabi/10.3.1/../../../arm-none-eabi/lib/thumb/v7e-m/nofp/libc.a(lib_a-reent.o)
                0x0000000020001274                errno
 *(.bss.*)
 .bss.ch0       0x0000000020001278       0x88 /home/leduc/.conan/data/chibios/21.11.2/user/testing/package/3625404c4d807a945b92be1dc3c9ce9ecefdfd6d/lib/libch.a(chsys.o)
                0x0000000020001278                ch0
 .bss.ch_c0_idle_thread_wa
                0x0000000020001300      0x100 /home/leduc/.conan/data/chibios/21.11.2/user/testing/package/3625404c4d807a945b92be1dc3c9ce9ecefdfd6d/lib/libch.a(chsys.o)
 .bss.ch_system
                0x0000000020001400        0xc /home/leduc/.conan/data/chibios/21.11.2/user/testing/package/3625404c4d807a945b92be1dc3c9ce9ecefdfd6d/lib/libch.a(chsys.o)
                0x0000000020001400                ch_system
 .bss.ch_memcore
                0x000000002000140c        0x8 /home/leduc/.conan/data/chibios/21.11.2/user/testing/package/3625404c4d807a945b92be1dc3c9ce9ecefdfd6d/lib/libch.a(chmemcore.o)
                0x000000002000140c                ch_memcore
 .bss.default_heap
                0x0000000020001414       0x1c /home/leduc/.conan/data/chibios/21.11.2/user/testing/package/3625404c4d807a945b92be1dc3c9ce9ecefdfd6d/lib/libch.a(chmemheaps.o)
 .bss.ch_factory
                0x0000000020001430       0x48 /home/leduc/.conan/data/chibios/21.11.2/user/testing/package/3625404c4d807a945b92be1dc3c9ce9ecefdfd6d/lib/libch.a(chfactory.o)
                0x0000000020001430                ch_factory
 *(COMMON)
                0x0000000020001478                . = ALIGN (0x4)
                0x0000000020001478                __bss_end__ = .
                [!provide]                        PROVIDE (end = .)
                0x0000000020000000                __ram0_base__ = ORIGIN (ram0)
                0x0000000000010000                __ram0_size__ = LENGTH (ram0)
                0x0000000020010000                __ram0_end__ = (__ram0_base__ + __ram0_size__)
                0x0000000000000000                __ram1_base__ = ORIGIN (ram1)
                0x0000000000000000                __ram1_size__ = LENGTH (ram1)
                0x0000000000000000                __ram1_end__ = (__ram1_base__ + __ram1_size__)
                0x0000000000000000                __ram2_base__ = ORIGIN (ram2)
                0x0000000000000000                __ram2_size__ = LENGTH (ram2)
                0x0000000000000000                __ram2_end__ = (__ram2_base__ + __ram2_size__)
                0x0000000000000000                __ram3_base__ = ORIGIN (ram3)
                0x0000000000000000                __ram3_size__ = LENGTH (ram3)
                0x0000000000000000                __ram3_end__ = (__ram3_base__ + __ram3_size__)
                0x0000000000000000                __ram4_base__ = ORIGIN (ram4)
                0x0000000000000000                __ram4_size__ = LENGTH (ram4)
                0x0000000000000000                __ram4_end__ = (__ram4_base__ + __ram4_size__)
                0x0000000000000000                __ram5_base__ = ORIGIN (ram5)
                0x0000000000000000                __ram5_size__ = LENGTH (ram5)
                0x0000000000000000                __ram5_end__ = (__ram5_base__ + __ram5_size__)
                0x0000000000000000                __ram6_base__ = ORIGIN (ram6)
                0x0000000000000000                __ram6_size__ = LENGTH (ram6)
                0x0000000000000000                __ram6_end__ = (__ram6_base__ + __ram6_size__)
                0x0000000000000000                __ram7_base__ = ORIGIN (ram7)
                0x0000000000000000                __ram7_size__ = LENGTH (ram7)
                0x0000000000000000                __ram7_end__ = (__ram7_base__ + __ram7_size__)
                0x0000000008000000                __flash0_base__ = ORIGIN (flash0)
                0x0000000000040000                __flash0_size__ = LENGTH (flash0)
                0x0000000008040000                __flash0_end__ = (__flash0_base__ + __flash0_size__)
                0x0000000000000000                __flash1_base__ = ORIGIN (flash1)
                0x0000000000000000                __flash1_size__ = LENGTH (flash1)
                0x0000000000000000                __flash1_end__ = (__flash1_base__ + __flash1_size__)
                0x0000000000000000                __flash2_base__ = ORIGIN (flash2)
                0x0000000000000000                __flash2_size__ = LENGTH (flash2)
                0x0000000000000000                __flash2_end__ = (__flash2_base__ + __flash2_size__)
                0x0000000000000000                __flash3_base__ = ORIGIN (flash3)
                0x0000000000000000                __flash3_size__ = LENGTH (flash3)
                0x0000000000000000                __flash3_end__ = (__flash3_base__ + __flash3_size__)
                0x0000000000000000                __flash4_base__ = ORIGIN (flash4)
                0x0000000000000000                __flash4_size__ = LENGTH (flash4)
                0x0000000000000000                __flash4_end__ = (__flash4_base__ + __flash4_size__)
                0x0000000000000000                __flash5_base__ = ORIGIN (flash5)
                0x0000000000000000                __flash5_size__ = LENGTH (flash5)
                0x0000000000000000                __flash5_end__ = (__flash5_base__ + __flash5_size__)
                0x0000000000000000                __flash6_base__ = ORIGIN (flash6)
                0x0000000000000000                __flash6_size__ = LENGTH (flash6)
                0x0000000000000000                __flash6_end__ = (__flash6_base__ + __flash6_size__)
                0x0000000000000000                __flash7_base__ = ORIGIN (flash7)
                0x0000000000000000                __flash7_size__ = LENGTH (flash7)
                0x0000000000000000                __flash7_end__ = (__flash7_base__ + __flash7_size__)

.ram0_init      0x0000000020001478        0x0 load address 0x0000000008003a7c
                0x0000000008003a7c                __ram0_init_text__ = LOADADDR (.ram0_init)
                0x0000000020001478                __ram0_init__ = .
 *(.ram0_init)
 *(.ram0_init.*)
                0x0000000020001478                . = ALIGN (0x4)

.ram0           0x0000000020001478        0x0 load address 0x0000000008003a7c
                0x0000000020001478                __ram0_clear__ = .
 *(.ram0_clear)
 *(.ram0_clear.*)
                0x0000000020001478                . = ALIGN (0x4)
                0x0000000020001478                __ram0_noinit__ = .
 *(.ram0)
 *(.ram0.*)
                0x0000000020001478                . = ALIGN (0x4)
                0x0000000020001478                __ram0_free__ = .

.ram1_init      0x0000000000000000        0x0 load address 0x0000000008003a7c
                0x0000000008003a7c                __ram1_init_text__ = LOADADDR (.ram1_init)
                0x0000000000000000                __ram1_init__ = .
 *(.ram1_init)
 *(.ram1_init.*)
                0x0000000000000000                . = ALIGN (0x4)

.ram1           0x0000000000000000        0x0 load address 0x0000000008003a7c
                0x0000000000000000                __ram1_clear__ = .
 *(.ram1_clear)
 *(.ram1_clear.*)
                0x0000000000000000                . = ALIGN (0x4)
                0x0000000000000000                __ram1_noinit__ = .
 *(.ram1)
 *(.ram1.*)
                0x0000000000000000                . = ALIGN (0x4)
                0x0000000000000000                __ram1_free__ = .

.ram2_init      0x0000000000000000        0x0 load address 0x0000000008003a7c
                0x0000000008003a7c                __ram2_init_text__ = LOADADDR (.ram2_init)
                0x0000000000000000                __ram2_init__ = .
 *(.ram2_init)
 *(.ram2_init.*)
                0x0000000000000000                . = ALIGN (0x4)

.ram2           0x0000000000000000        0x0 load address 0x0000000008003a7c
                0x0000000000000000                __ram2_clear__ = .
 *(.ram2_clear)
 *(.ram2_clear.*)
                0x0000000000000000                . = ALIGN (0x4)
                0x0000000000000000                __ram2_noinit__ = .
 *(.ram2)
 *(.ram2.*)
                0x0000000000000000                . = ALIGN (0x4)
                0x0000000000000000                __ram2_free__ = .

.ram3_init      0x0000000000000000        0x0 load address 0x0000000008003a7c
                0x0000000008003a7c                __ram3_init_text__ = LOADADDR (.ram3_init)
                0x0000000000000000                __ram3_init__ = .
 *(.ram3_init)
 *(.ram3_init.*)
                0x0000000000000000                . = ALIGN (0x4)

.ram3           0x0000000000000000        0x0 load address 0x0000000008003a7c
                0x0000000000000000                __ram3_clear__ = .
 *(.ram3_clear)
 *(.ram3_clear.*)
                0x0000000000000000                . = ALIGN (0x4)
                0x0000000000000000                __ram3_noinit__ = .
 *(.ram3)
 *(.ram3.*)
                0x0000000000000000                . = ALIGN (0x4)
                0x0000000000000000                __ram3_free__ = .

.ram4_init      0x0000000000000000        0x0 load address 0x0000000008003a7c
                0x0000000008003a7c                __ram4_init_text__ = LOADADDR (.ram4_init)
                0x0000000000000000                __ram4_init__ = .
 *(.ram4_init)
 *(.ram4_init.*)
                0x0000000000000000                . = ALIGN (0x4)

.ram4           0x0000000000000000        0x0 load address 0x0000000008003a7c
                0x0000000000000000                __ram4_clear__ = .
 *(.ram4_clear)
 *(.ram4_clear.*)
                0x0000000000000000                . = ALIGN (0x4)
                0x0000000000000000                __ram4_noinit__ = .
 *(.ram4)
 *(.ram4.*)
                0x0000000000000000                . = ALIGN (0x4)
                0x0000000000000000                __ram4_free__ = .

.ram5_init      0x0000000000000000        0x0 load address 0x0000000008003a7c
                0x0000000008003a7c                __ram5_init_text__ = LOADADDR (.ram5_init)
                0x0000000000000000                __ram5_init__ = .
 *(.ram5_init)
 *(.ram5_init.*)
                0x0000000000000000                . = ALIGN (0x4)

.ram5           0x0000000000000000        0x0 load address 0x0000000008003a7c
                0x0000000000000000                __ram5_clear__ = .
 *(.ram5_clear)
 *(.ram5_clear.*)
                0x0000000000000000                . = ALIGN (0x4)
                0x0000000000000000                __ram5_noinit__ = .
 *(.ram5)
 *(.ram5.*)
                0x0000000000000000                . = ALIGN (0x4)
                0x0000000000000000                __ram5_free__ = .

.ram6_init      0x0000000000000000        0x0 load address 0x0000000008003a7c
                0x0000000008003a7c                __ram6_init_text__ = LOADADDR (.ram6_init)
                0x0000000000000000                __ram6_init__ = .
 *(.ram6_init)
 *(.ram6_init.*)
                0x0000000000000000                . = ALIGN (0x4)

.ram6           0x0000000000000000        0x0 load address 0x0000000008003a7c
                0x0000000000000000                __ram6_clear__ = .
 *(.ram6_clear)
 *(.ram6_clear.*)
                0x0000000000000000                . = ALIGN (0x4)
                0x0000000000000000                __ram6_noinit__ = .
 *(.ram6)
 *(.ram6.*)
                0x0000000000000000                . = ALIGN (0x4)
                0x0000000000000000                __ram6_free__ = .

.ram7_init      0x0000000000000000        0x0 load address 0x0000000008003a7c
                0x0000000008003a7c                __ram7_init_text__ = LOADADDR (.ram7_init)
                0x0000000000000000                __ram7_init__ = .
 *(.ram7_init)
 *(.ram7_init.*)
                0x0000000000000000                . = ALIGN (0x4)

.ram7           0x0000000000000000        0x0 load address 0x0000000008003a7c
                0x0000000000000000                __ram7_clear__ = .
 *(.ram7_clear)
 *(.ram7_clear.*)
                0x0000000000000000                . = ALIGN (0x4)
                0x0000000000000000                __ram7_noinit__ = .
 *(.ram7)
 *(.ram7.*)
                0x0000000000000000                . = ALIGN (0x4)
                0x0000000000000000                __ram7_free__ = .

.flash0         0x0000000008003a7c        0x0
                0x0000000008003a7c                __flash0_init__ = .
 *(.flash0_init)
 *(.flash0_init.*)
                0x0000000008003a7c                __flash0_free__ = .

.flash1         0x0000000000000000        0x0
                0x0000000000000000                __flash1_init__ = .
 *(.flash1_init)
 *(.flash1_init.*)
                0x0000000000000000                __flash1_free__ = .

.flash2         0x0000000000000000        0x0
                0x0000000000000000                __flash2_init__ = .
 *(.flash2_init)
 *(.flash2_init.*)
                0x0000000000000000                __flash2_free__ = .

.flash3         0x0000000000000000        0x0
                0x0000000000000000                __flash3_init__ = .
 *(.flash3_init)
 *(.flash3_init.*)
                0x0000000000000000                __flash3_free__ = .

.flash4         0x0000000000000000        0x0
                0x0000000000000000                __flash4_init__ = .
 *(.flash4_init)
 *(.flash4_init.*)
                0x0000000000000000                __flash4_free__ = .

.flash5         0x0000000000000000        0x0
                0x0000000000000000                __flash5_init__ = .
 *(.flash5_init)
 *(.flash5_init.*)
                0x0000000000000000                __flash5_free__ = .

.flash6         0x0000000000000000        0x0
                0x0000000000000000                __flash6_init__ = .
 *(.flash6_init)
 *(.flash6_init.*)
                0x0000000000000000                __flash6_free__ = .

.flash7         0x0000000000000000        0x0
                0x0000000000000000                __flash7_init__ = .
 *(.flash7_init)
 *(.flash7_init.*)
                0x0000000000000000                __flash7_free__ = .

.heap           0x0000000020001478     0xeb88
                0x0000000020001478                . = ALIGN (0x8)
                0x0000000020001478                __heap_base__ = .
                0x0000000020010000                . = (ORIGIN (HEAP_RAM) + LENGTH (HEAP_RAM))
 *fill*         0x0000000020001478     0xeb88 
                0x0000000020010000                __heap_end__ = .
                0x0000000000000400                __process_stack_size__ = 0x400
                0x0000000000000400                __main_stack_size__ = 0x400
LOAD CMakeFiles/test.dir/main.cc.obj
LOAD CMakeFiles/test.dir/home/leduc/projet/ChibiOS_21.11.2/os/common/startup/ARMCMx/compilers/GCC/crt0_v7m.S.obj
LOAD CMakeFiles/test.dir/home/leduc/projet/ChibiOS_21.11.2/os/common/startup/ARMCMx/compilers/GCC/crt1.c.obj
LOAD CMakeFiles/test.dir/home/leduc/projet/ChibiOS_21.11.2/os/common/startup/ARMCMx/compilers/GCC/vectors.S.obj
LOAD CMakeFiles/test.dir/home/leduc/projet/ChibiOS_21.11.2/os/various/syscalls.c.obj
LOAD CMakeFiles/test.dir/actuators/Stepper/AbstractStepper.cc.obj
LOAD CMakeFiles/test.dir/actuators/Stepper/ULN200x.cc.obj
LOAD libowl.a
LOAD /home/leduc/.conan/data/chibios/21.11.2/user/testing/package/3625404c4d807a945b92be1dc3c9ce9ecefdfd6d/lib/libch.a
LOAD /usr/lib/gcc/arm-none-eabi/10.3.1/../../../arm-none-eabi/lib/thumb/v7e-m/nofp/libstdc++.a
LOAD /usr/lib/gcc/arm-none-eabi/10.3.1/../../../arm-none-eabi/lib/thumb/v7e-m/nofp/libm.a
START GROUP
LOAD /usr/lib/gcc/arm-none-eabi/10.3.1/thumb/v7e-m/nofp/libgcc.a
LOAD /usr/lib/gcc/arm-none-eabi/10.3.1/../../../arm-none-eabi/lib/thumb/v7e-m/nofp/libc.a
END GROUP
LOAD /usr/lib/gcc/arm-none-eabi/10.3.1/thumb/v7e-m/nofp/crtend.o
LOAD /usr/lib/gcc/arm-none-eabi/10.3.1/thumb/v7e-m/nofp/crtn.o
OUTPUT(test elf32-littlearm)
LOAD linker stubs

.ARM.attributes
                0x0000000000000000       0x2c
 .ARM.attributes
                0x0000000000000000       0x1e /usr/lib/gcc/arm-none-eabi/10.3.1/thumb/v7e-m/nofp/crti.o
 .ARM.attributes
                0x000000000000001e       0x2e /usr/lib/gcc/arm-none-eabi/10.3.1/thumb/v7e-m/nofp/crtbegin.o
 .ARM.attributes
                0x000000000000004c       0x2e CMakeFiles/test.dir/main.cc.obj
 .ARM.attributes
                0x000000000000007a       0x21 CMakeFiles/test.dir/home/leduc/projet/ChibiOS_21.11.2/os/common/startup/ARMCMx/compilers/GCC/crt0_v7m.S.obj
 .ARM.attributes
                0x000000000000009b       0x2a CMakeFiles/test.dir/home/leduc/projet/ChibiOS_21.11.2/os/common/startup/ARMCMx/compilers/GCC/crt1.c.obj
 .ARM.attributes
                0x00000000000000c5       0x21 CMakeFiles/test.dir/home/leduc/projet/ChibiOS_21.11.2/os/common/startup/ARMCMx/compilers/GCC/vectors.S.obj
 .ARM.attributes
                0x00000000000000e6       0x2a CMakeFiles/test.dir/home/leduc/projet/ChibiOS_21.11.2/os/various/syscalls.c.obj
 .ARM.attributes
                0x0000000000000110       0x2e /home/leduc/.conan/data/chibios/21.11.2/user/testing/package/3625404c4d807a945b92be1dc3c9ce9ecefdfd6d/lib/libch.a(chsys.o)
 .ARM.attributes
                0x000000000000013e       0x2e /home/leduc/.conan/data/chibios/21.11.2/user/testing/package/3625404c4d807a945b92be1dc3c9ce9ecefdfd6d/lib/libch.a(chvt.o)
 .ARM.attributes
                0x000000000000016c       0x2e /home/leduc/.conan/data/chibios/21.11.2/user/testing/package/3625404c4d807a945b92be1dc3c9ce9ecefdfd6d/lib/libch.a(chschd.o)
 .ARM.attributes
                0x000000000000019a       0x2e /home/leduc/.conan/data/chibios/21.11.2/user/testing/package/3625404c4d807a945b92be1dc3c9ce9ecefdfd6d/lib/libch.a(chinstances.o)
 .ARM.attributes
                0x00000000000001c8       0x2e /home/leduc/.conan/data/chibios/21.11.2/user/testing/package/3625404c4d807a945b92be1dc3c9ce9ecefdfd6d/lib/libch.a(chthreads.o)
 .ARM.attributes
                0x00000000000001f6       0x2e /home/leduc/.conan/data/chibios/21.11.2/user/testing/package/3625404c4d807a945b92be1dc3c9ce9ecefdfd6d/lib/libch.a(chtm.o)
 .ARM.attributes
                0x0000000000000224       0x2e /home/leduc/.conan/data/chibios/21.11.2/user/testing/package/3625404c4d807a945b92be1dc3c9ce9ecefdfd6d/lib/libch.a(chregistry.o)
 .ARM.attributes
                0x0000000000000252       0x2e /home/leduc/.conan/data/chibios/21.11.2/user/testing/package/3625404c4d807a945b92be1dc3c9ce9ecefdfd6d/lib/libch.a(chmemcore.o)
 .ARM.attributes
                0x0000000000000280       0x2e /home/leduc/.conan/data/chibios/21.11.2/user/testing/package/3625404c4d807a945b92be1dc3c9ce9ecefdfd6d/lib/libch.a(chmemheaps.o)
 .ARM.attributes
                0x00000000000002ae       0x2e /home/leduc/.conan/data/chibios/21.11.2/user/testing/package/3625404c4d807a945b92be1dc3c9ce9ecefdfd6d/lib/libch.a(chmempools.o)
 .ARM.attributes
                0x00000000000002dc       0x2e /home/leduc/.conan/data/chibios/21.11.2/user/testing/package/3625404c4d807a945b92be1dc3c9ce9ecefdfd6d/lib/libch.a(chfactory.o)
 .ARM.attributes
                0x000000000000030a       0x2e /home/leduc/.conan/data/chibios/21.11.2/user/testing/package/3625404c4d807a945b92be1dc3c9ce9ecefdfd6d/lib/libch.a(chcore.o)
 .ARM.attributes
                0x0000000000000338       0x21 /home/leduc/.conan/data/chibios/21.11.2/user/testing/package/3625404c4d807a945b92be1dc3c9ce9ecefdfd6d/lib/libch.a(chcoreasm.o)
 .ARM.attributes
                0x0000000000000359       0x2e /home/leduc/.conan/data/chibios/21.11.2/user/testing/package/3625404c4d807a945b92be1dc3c9ce9ecefdfd6d/lib/libch.a(chmtx.o)
 .ARM.attributes
                0x0000000000000387       0x2e /usr/lib/gcc/arm-none-eabi/10.3.1/thumb/v7e-m/nofp/libgcc.a(unwind-arm.o)
 .ARM.attributes
                0x00000000000003b5       0x1e /usr/lib/gcc/arm-none-eabi/10.3.1/thumb/v7e-m/nofp/libgcc.a(libunwind.o)
 .ARM.attributes
                0x00000000000003d3       0x2e /usr/lib/gcc/arm-none-eabi/10.3.1/thumb/v7e-m/nofp/libgcc.a(pr-support.o)
 .ARM.attributes
                0x0000000000000401       0x2e /usr/lib/gcc/arm-none-eabi/10.3.1/../../../arm-none-eabi/lib/thumb/v7e-m/nofp/libc.a(lib_a-abort.o)
 .ARM.attributes
                0x000000000000042f       0x2e /usr/lib/gcc/arm-none-eabi/10.3.1/../../../arm-none-eabi/lib/thumb/v7e-m/nofp/libc.a(lib_a-atexit.o)
 .ARM.attributes
                0x000000000000045d       0x2e /usr/lib/gcc/arm-none-eabi/10.3.1/../../../arm-none-eabi/lib/thumb/v7e-m/nofp/libc.a(lib_a-fini.o)
 .ARM.attributes
                0x000000000000048b       0x2e /usr/lib/gcc/arm-none-eabi/10.3.1/../../../arm-none-eabi/lib/thumb/v7e-m/nofp/libc.a(lib_a-impure.o)
 .ARM.attributes
                0x00000000000004b9       0x1c /usr/lib/gcc/arm-none-eabi/10.3.1/../../../arm-none-eabi/lib/thumb/v7e-m/nofp/libc.a(lib_a-memcpy.o)
 .ARM.attributes
                0x00000000000004d5       0x2e /usr/lib/gcc/arm-none-eabi/10.3.1/../../../arm-none-eabi/lib/thumb/v7e-m/nofp/libc.a(lib_a-memset.o)
 .ARM.attributes
                0x0000000000000503       0x2e /usr/lib/gcc/arm-none-eabi/10.3.1/../../../arm-none-eabi/lib/thumb/v7e-m/nofp/libc.a(lib_a-signal.o)
 .ARM.attributes
                0x0000000000000531       0x2e /usr/lib/gcc/arm-none-eabi/10.3.1/../../../arm-none-eabi/lib/thumb/v7e-m/nofp/libc.a(lib_a-signalr.o)
 .ARM.attributes
                0x000000000000055f       0x2e /usr/lib/gcc/arm-none-eabi/10.3.1/../../../arm-none-eabi/lib/thumb/v7e-m/nofp/libc.a(lib_a-__atexit.o)
 .ARM.attributes
                0x000000000000058d       0x2e /usr/lib/gcc/arm-none-eabi/10.3.1/../../../arm-none-eabi/lib/thumb/v7e-m/nofp/libc.a(lib_a-__call_atexit.o)
 .ARM.attributes
                0x00000000000005bb       0x2e /usr/lib/gcc/arm-none-eabi/10.3.1/../../../arm-none-eabi/lib/thumb/v7e-m/nofp/libc.a(lib_a-mallocr.o)
 .ARM.attributes
                0x00000000000005e9       0x2e /usr/lib/gcc/arm-none-eabi/10.3.1/../../../arm-none-eabi/lib/thumb/v7e-m/nofp/libc.a(lib_a-mlock.o)
 .ARM.attributes
                0x0000000000000617       0x2e /usr/lib/gcc/arm-none-eabi/10.3.1/../../../arm-none-eabi/lib/thumb/v7e-m/nofp/libc.a(lib_a-reent.o)
 .ARM.attributes
                0x0000000000000645       0x2e /usr/lib/gcc/arm-none-eabi/10.3.1/../../../arm-none-eabi/lib/thumb/v7e-m/nofp/libc.a(lib_a-freer.o)
 .ARM.attributes
                0x0000000000000673       0x2e /usr/lib/gcc/arm-none-eabi/10.3.1/thumb/v7e-m/nofp/crtend.o

.comment        0x0000000000000000       0x80
 .comment       0x0000000000000000       0x33 /usr/lib/gcc/arm-none-eabi/10.3.1/thumb/v7e-m/nofp/crtbegin.o
                                         0x34 (size before relaxing)
 .comment       0x0000000000000033       0x34 CMakeFiles/test.dir/main.cc.obj
 .comment       0x0000000000000033       0x34 CMakeFiles/test.dir/home/leduc/projet/ChibiOS_21.11.2/os/common/startup/ARMCMx/compilers/GCC/crt1.c.obj
 .comment       0x0000000000000033       0x34 CMakeFiles/test.dir/home/leduc/projet/ChibiOS_21.11.2/os/various/syscalls.c.obj
 .comment       0x0000000000000033       0x4d /home/leduc/.conan/data/chibios/21.11.2/user/testing/package/3625404c4d807a945b92be1dc3c9ce9ecefdfd6d/lib/libch.a(chsys.o)
                                         0x4e (size before relaxing)
 .comment       0x0000000000000080       0x4e /home/leduc/.conan/data/chibios/21.11.2/user/testing/package/3625404c4d807a945b92be1dc3c9ce9ecefdfd6d/lib/libch.a(chvt.o)
 .comment       0x0000000000000080       0x4e /home/leduc/.conan/data/chibios/21.11.2/user/testing/package/3625404c4d807a945b92be1dc3c9ce9ecefdfd6d/lib/libch.a(chschd.o)
 .comment       0x0000000000000080       0x4e /home/leduc/.conan/data/chibios/21.11.2/user/testing/package/3625404c4d807a945b92be1dc3c9ce9ecefdfd6d/lib/libch.a(chinstances.o)
 .comment       0x0000000000000080       0x4e /home/leduc/.conan/data/chibios/21.11.2/user/testing/package/3625404c4d807a945b92be1dc3c9ce9ecefdfd6d/lib/libch.a(chthreads.o)
 .comment       0x0000000000000080       0x4e /home/leduc/.conan/data/chibios/21.11.2/user/testing/package/3625404c4d807a945b92be1dc3c9ce9ecefdfd6d/lib/libch.a(chtm.o)
 .comment       0x0000000000000080       0x4e /home/leduc/.conan/data/chibios/21.11.2/user/testing/package/3625404c4d807a945b92be1dc3c9ce9ecefdfd6d/lib/libch.a(chregistry.o)
 .comment       0x0000000000000080       0x4e /home/leduc/.conan/data/chibios/21.11.2/user/testing/package/3625404c4d807a945b92be1dc3c9ce9ecefdfd6d/lib/libch.a(chmemcore.o)
 .comment       0x0000000000000080       0x4e /home/leduc/.conan/data/chibios/21.11.2/user/testing/package/3625404c4d807a945b92be1dc3c9ce9ecefdfd6d/lib/libch.a(chmemheaps.o)
 .comment       0x0000000000000080       0x4e /home/leduc/.conan/data/chibios/21.11.2/user/testing/package/3625404c4d807a945b92be1dc3c9ce9ecefdfd6d/lib/libch.a(chmempools.o)
 .comment       0x0000000000000080       0x4e /home/leduc/.conan/data/chibios/21.11.2/user/testing/package/3625404c4d807a945b92be1dc3c9ce9ecefdfd6d/lib/libch.a(chfactory.o)
 .comment       0x0000000000000080       0x4e /home/leduc/.conan/data/chibios/21.11.2/user/testing/package/3625404c4d807a945b92be1dc3c9ce9ecefdfd6d/lib/libch.a(chcore.o)
 .comment       0x0000000000000080       0x4e /home/leduc/.conan/data/chibios/21.11.2/user/testing/package/3625404c4d807a945b92be1dc3c9ce9ecefdfd6d/lib/libch.a(chmtx.o)
 .comment       0x0000000000000080       0x34 /usr/lib/gcc/arm-none-eabi/10.3.1/thumb/v7e-m/nofp/libgcc.a(unwind-arm.o)
 .comment       0x0000000000000080       0x34 /usr/lib/gcc/arm-none-eabi/10.3.1/thumb/v7e-m/nofp/libgcc.a(pr-support.o)
 .comment       0x0000000000000080       0x34 /usr/lib/gcc/arm-none-eabi/10.3.1/../../../arm-none-eabi/lib/thumb/v7e-m/nofp/libc.a(lib_a-abort.o)
 .comment       0x0000000000000080       0x34 /usr/lib/gcc/arm-none-eabi/10.3.1/../../../arm-none-eabi/lib/thumb/v7e-m/nofp/libc.a(lib_a-atexit.o)
 .comment       0x0000000000000080       0x34 /usr/lib/gcc/arm-none-eabi/10.3.1/../../../arm-none-eabi/lib/thumb/v7e-m/nofp/libc.a(lib_a-fini.o)
 .comment       0x0000000000000080       0x34 /usr/lib/gcc/arm-none-eabi/10.3.1/../../../arm-none-eabi/lib/thumb/v7e-m/nofp/libc.a(lib_a-impure.o)
 .comment       0x0000000000000080       0x34 /usr/lib/gcc/arm-none-eabi/10.3.1/../../../arm-none-eabi/lib/thumb/v7e-m/nofp/libc.a(lib_a-memset.o)
 .comment       0x0000000000000080       0x34 /usr/lib/gcc/arm-none-eabi/10.3.1/../../../arm-none-eabi/lib/thumb/v7e-m/nofp/libc.a(lib_a-signal.o)
 .comment       0x0000000000000080       0x34 /usr/lib/gcc/arm-none-eabi/10.3.1/../../../arm-none-eabi/lib/thumb/v7e-m/nofp/libc.a(lib_a-signalr.o)
 .comment       0x0000000000000080       0x34 /usr/lib/gcc/arm-none-eabi/10.3.1/../../../arm-none-eabi/lib/thumb/v7e-m/nofp/libc.a(lib_a-__atexit.o)
 .comment       0x0000000000000080       0x34 /usr/lib/gcc/arm-none-eabi/10.3.1/../../../arm-none-eabi/lib/thumb/v7e-m/nofp/libc.a(lib_a-__call_atexit.o)
 .comment       0x0000000000000080       0x34 /usr/lib/gcc/arm-none-eabi/10.3.1/../../../arm-none-eabi/lib/thumb/v7e-m/nofp/libc.a(lib_a-mallocr.o)
 .comment       0x0000000000000080       0x34 /usr/lib/gcc/arm-none-eabi/10.3.1/../../../arm-none-eabi/lib/thumb/v7e-m/nofp/libc.a(lib_a-mlock.o)
 .comment       0x0000000000000080       0x34 /usr/lib/gcc/arm-none-eabi/10.3.1/../../../arm-none-eabi/lib/thumb/v7e-m/nofp/libc.a(lib_a-reent.o)
 .comment       0x0000000000000080       0x34 /usr/lib/gcc/arm-none-eabi/10.3.1/../../../arm-none-eabi/lib/thumb/v7e-m/nofp/libc.a(lib_a-freer.o)
 .comment       0x0000000000000080       0x34 /usr/lib/gcc/arm-none-eabi/10.3.1/thumb/v7e-m/nofp/crtend.o

.debug_info     0x0000000000000000     0x933f
 .debug_info    0x0000000000000000     0x1e0b /usr/lib/gcc/arm-none-eabi/10.3.1/thumb/v7e-m/nofp/libgcc.a(unwind-arm.o)
 .debug_info    0x0000000000001e0b       0x26 /usr/lib/gcc/arm-none-eabi/10.3.1/thumb/v7e-m/nofp/libgcc.a(libunwind.o)
 .debug_info    0x0000000000001e31      0xa03 /usr/lib/gcc/arm-none-eabi/10.3.1/thumb/v7e-m/nofp/libgcc.a(pr-support.o)
 .debug_info    0x0000000000002834       0xcb /usr/lib/gcc/arm-none-eabi/10.3.1/../../../arm-none-eabi/lib/thumb/v7e-m/nofp/libc.a(lib_a-abort.o)
 .debug_info    0x00000000000028ff      0x100 /usr/lib/gcc/arm-none-eabi/10.3.1/../../../arm-none-eabi/lib/thumb/v7e-m/nofp/libc.a(lib_a-atexit.o)
 .debug_info    0x00000000000029ff      0x102 /usr/lib/gcc/arm-none-eabi/10.3.1/../../../arm-none-eabi/lib/thumb/v7e-m/nofp/libc.a(lib_a-fini.o)
 .debug_info    0x0000000000002b01      0x92a /usr/lib/gcc/arm-none-eabi/10.3.1/../../../arm-none-eabi/lib/thumb/v7e-m/nofp/libc.a(lib_a-impure.o)
 .debug_info    0x000000000000342b       0x26 /usr/lib/gcc/arm-none-eabi/10.3.1/../../../arm-none-eabi/lib/thumb/v7e-m/nofp/libc.a(lib_a-memcpy.o)
 .debug_info    0x0000000000003451      0x137 /usr/lib/gcc/arm-none-eabi/10.3.1/../../../arm-none-eabi/lib/thumb/v7e-m/nofp/libc.a(lib_a-memset.o)
 .debug_info    0x0000000000003588      0xf32 /usr/lib/gcc/arm-none-eabi/10.3.1/../../../arm-none-eabi/lib/thumb/v7e-m/nofp/libc.a(lib_a-signal.o)
 .debug_info    0x00000000000044ba      0x9d7 /usr/lib/gcc/arm-none-eabi/10.3.1/../../../arm-none-eabi/lib/thumb/v7e-m/nofp/libc.a(lib_a-signalr.o)
 .debug_info    0x0000000000004e91      0x9b0 /usr/lib/gcc/arm-none-eabi/10.3.1/../../../arm-none-eabi/lib/thumb/v7e-m/nofp/libc.a(lib_a-__atexit.o)
 .debug_info    0x0000000000005841      0xa3d /usr/lib/gcc/arm-none-eabi/10.3.1/../../../arm-none-eabi/lib/thumb/v7e-m/nofp/libc.a(lib_a-__call_atexit.o)
 .debug_info    0x000000000000627e      0xe95 /usr/lib/gcc/arm-none-eabi/10.3.1/../../../arm-none-eabi/lib/thumb/v7e-m/nofp/libc.a(lib_a-mallocr.o)
 .debug_info    0x0000000000007113      0x942 /usr/lib/gcc/arm-none-eabi/10.3.1/../../../arm-none-eabi/lib/thumb/v7e-m/nofp/libc.a(lib_a-mlock.o)
 .debug_info    0x0000000000007a55      0xbda /usr/lib/gcc/arm-none-eabi/10.3.1/../../../arm-none-eabi/lib/thumb/v7e-m/nofp/libc.a(lib_a-reent.o)
 .debug_info    0x000000000000862f      0xd10 /usr/lib/gcc/arm-none-eabi/10.3.1/../../../arm-none-eabi/lib/thumb/v7e-m/nofp/libc.a(lib_a-freer.o)

.debug_abbrev   0x0000000000000000     0x20b8
 .debug_abbrev  0x0000000000000000      0x46c /usr/lib/gcc/arm-none-eabi/10.3.1/thumb/v7e-m/nofp/libgcc.a(unwind-arm.o)
 .debug_abbrev  0x000000000000046c       0x14 /usr/lib/gcc/arm-none-eabi/10.3.1/thumb/v7e-m/nofp/libgcc.a(libunwind.o)
 .debug_abbrev  0x0000000000000480      0x2d3 /usr/lib/gcc/arm-none-eabi/10.3.1/thumb/v7e-m/nofp/libgcc.a(pr-support.o)
 .debug_abbrev  0x0000000000000753       0x80 /usr/lib/gcc/arm-none-eabi/10.3.1/../../../arm-none-eabi/lib/thumb/v7e-m/nofp/libc.a(lib_a-abort.o)
 .debug_abbrev  0x00000000000007d3       0xb7 /usr/lib/gcc/arm-none-eabi/10.3.1/../../../arm-none-eabi/lib/thumb/v7e-m/nofp/libc.a(lib_a-atexit.o)
 .debug_abbrev  0x000000000000088a       0xcf /usr/lib/gcc/arm-none-eabi/10.3.1/../../../arm-none-eabi/lib/thumb/v7e-m/nofp/libc.a(lib_a-fini.o)
 .debug_abbrev  0x0000000000000959      0x1b8 /usr/lib/gcc/arm-none-eabi/10.3.1/../../../arm-none-eabi/lib/thumb/v7e-m/nofp/libc.a(lib_a-impure.o)
 .debug_abbrev  0x0000000000000b11       0x14 /usr/lib/gcc/arm-none-eabi/10.3.1/../../../arm-none-eabi/lib/thumb/v7e-m/nofp/libc.a(lib_a-memcpy.o)
 .debug_abbrev  0x0000000000000b25       0xb4 /usr/lib/gcc/arm-none-eabi/10.3.1/../../../arm-none-eabi/lib/thumb/v7e-m/nofp/libc.a(lib_a-memset.o)
 .debug_abbrev  0x0000000000000bd9      0x321 /usr/lib/gcc/arm-none-eabi/10.3.1/../../../arm-none-eabi/lib/thumb/v7e-m/nofp/libc.a(lib_a-signal.o)
 .debug_abbrev  0x0000000000000efa      0x242 /usr/lib/gcc/arm-none-eabi/10.3.1/../../../arm-none-eabi/lib/thumb/v7e-m/nofp/libc.a(lib_a-signalr.o)
 .debug_abbrev  0x000000000000113c      0x23f /usr/lib/gcc/arm-none-eabi/10.3.1/../../../arm-none-eabi/lib/thumb/v7e-m/nofp/libc.a(lib_a-__atexit.o)
 .debug_abbrev  0x000000000000137b      0x2b2 /usr/lib/gcc/arm-none-eabi/10.3.1/../../../arm-none-eabi/lib/thumb/v7e-m/nofp/libc.a(lib_a-__call_atexit.o)
 .debug_abbrev  0x000000000000162d      0x2f6 /usr/lib/gcc/arm-none-eabi/10.3.1/../../../arm-none-eabi/lib/thumb/v7e-m/nofp/libc.a(lib_a-mallocr.o)
 .debug_abbrev  0x0000000000001923      0x1f0 /usr/lib/gcc/arm-none-eabi/10.3.1/../../../arm-none-eabi/lib/thumb/v7e-m/nofp/libc.a(lib_a-mlock.o)
 .debug_abbrev  0x0000000000001b13      0x2f4 /usr/lib/gcc/arm-none-eabi/10.3.1/../../../arm-none-eabi/lib/thumb/v7e-m/nofp/libc.a(lib_a-reent.o)
 .debug_abbrev  0x0000000000001e07      0x2b1 /usr/lib/gcc/arm-none-eabi/10.3.1/../../../arm-none-eabi/lib/thumb/v7e-m/nofp/libc.a(lib_a-freer.o)

.debug_loc      0x0000000000000000     0x4acd
 .debug_loc     0x0000000000000000     0x1cef /usr/lib/gcc/arm-none-eabi/10.3.1/thumb/v7e-m/nofp/libgcc.a(unwind-arm.o)
 .debug_loc     0x0000000000001cef      0x64f /usr/lib/gcc/arm-none-eabi/10.3.1/thumb/v7e-m/nofp/libgcc.a(pr-support.o)
 .debug_loc     0x000000000000233e       0x32 /usr/lib/gcc/arm-none-eabi/10.3.1/../../../arm-none-eabi/lib/thumb/v7e-m/nofp/libc.a(lib_a-atexit.o)
 .debug_loc     0x0000000000002370       0x68 /usr/lib/gcc/arm-none-eabi/10.3.1/../../../arm-none-eabi/lib/thumb/v7e-m/nofp/libc.a(lib_a-fini.o)
 .debug_loc     0x00000000000023d8      0x22c /usr/lib/gcc/arm-none-eabi/10.3.1/../../../arm-none-eabi/lib/thumb/v7e-m/nofp/libc.a(lib_a-memset.o)
 .debug_loc     0x0000000000002604      0x967 /usr/lib/gcc/arm-none-eabi/10.3.1/../../../arm-none-eabi/lib/thumb/v7e-m/nofp/libc.a(lib_a-signal.o)
 .debug_loc     0x0000000000002f6b       0xd0 /usr/lib/gcc/arm-none-eabi/10.3.1/../../../arm-none-eabi/lib/thumb/v7e-m/nofp/libc.a(lib_a-signalr.o)
 .debug_loc     0x000000000000303b      0x138 /usr/lib/gcc/arm-none-eabi/10.3.1/../../../arm-none-eabi/lib/thumb/v7e-m/nofp/libc.a(lib_a-__atexit.o)
 .debug_loc     0x0000000000003173      0x1ae /usr/lib/gcc/arm-none-eabi/10.3.1/../../../arm-none-eabi/lib/thumb/v7e-m/nofp/libc.a(lib_a-__call_atexit.o)
 .debug_loc     0x0000000000003321      0xea2 /usr/lib/gcc/arm-none-eabi/10.3.1/../../../arm-none-eabi/lib/thumb/v7e-m/nofp/libc.a(lib_a-mallocr.o)
 .debug_loc     0x00000000000041c3      0x23e /usr/lib/gcc/arm-none-eabi/10.3.1/../../../arm-none-eabi/lib/thumb/v7e-m/nofp/libc.a(lib_a-reent.o)
 .debug_loc     0x0000000000004401      0x6cc /usr/lib/gcc/arm-none-eabi/10.3.1/../../../arm-none-eabi/lib/thumb/v7e-m/nofp/libc.a(lib_a-freer.o)

.debug_aranges  0x0000000000000000      0x228
 .debug_aranges
                0x0000000000000000       0x20 /usr/lib/gcc/arm-none-eabi/10.3.1/thumb/v7e-m/nofp/libgcc.a(unwind-arm.o)
 .debug_aranges
                0x0000000000000020       0x20 /usr/lib/gcc/arm-none-eabi/10.3.1/thumb/v7e-m/nofp/libgcc.a(libunwind.o)
 .debug_aranges
                0x0000000000000040       0x28 /usr/lib/gcc/arm-none-eabi/10.3.1/thumb/v7e-m/nofp/libgcc.a(pr-support.o)
 .debug_aranges
                0x0000000000000068       0x20 /usr/lib/gcc/arm-none-eabi/10.3.1/../../../arm-none-eabi/lib/thumb/v7e-m/nofp/libc.a(lib_a-abort.o)
 .debug_aranges
                0x0000000000000088       0x20 /usr/lib/gcc/arm-none-eabi/10.3.1/../../../arm-none-eabi/lib/thumb/v7e-m/nofp/libc.a(lib_a-atexit.o)
 .debug_aranges
                0x00000000000000a8       0x20 /usr/lib/gcc/arm-none-eabi/10.3.1/../../../arm-none-eabi/lib/thumb/v7e-m/nofp/libc.a(lib_a-fini.o)
 .debug_aranges
                0x00000000000000c8       0x18 /usr/lib/gcc/arm-none-eabi/10.3.1/../../../arm-none-eabi/lib/thumb/v7e-m/nofp/libc.a(lib_a-impure.o)
 .debug_aranges
                0x00000000000000e0       0x20 /usr/lib/gcc/arm-none-eabi/10.3.1/../../../arm-none-eabi/lib/thumb/v7e-m/nofp/libc.a(lib_a-memcpy.o)
 .debug_aranges
                0x0000000000000100       0x20 /usr/lib/gcc/arm-none-eabi/10.3.1/../../../arm-none-eabi/lib/thumb/v7e-m/nofp/libc.a(lib_a-memset.o)
 .debug_aranges
                0x0000000000000120       0x20 /usr/lib/gcc/arm-none-eabi/10.3.1/../../../arm-none-eabi/lib/thumb/v7e-m/nofp/libc.a(lib_a-signal.o)
 .debug_aranges
                0x0000000000000140       0x20 /usr/lib/gcc/arm-none-eabi/10.3.1/../../../arm-none-eabi/lib/thumb/v7e-m/nofp/libc.a(lib_a-signalr.o)
 .debug_aranges
                0x0000000000000160       0x20 /usr/lib/gcc/arm-none-eabi/10.3.1/../../../arm-none-eabi/lib/thumb/v7e-m/nofp/libc.a(lib_a-__atexit.o)
 .debug_aranges
                0x0000000000000180       0x28 /usr/lib/gcc/arm-none-eabi/10.3.1/../../../arm-none-eabi/lib/thumb/v7e-m/nofp/libc.a(lib_a-__call_atexit.o)
 .debug_aranges
                0x00000000000001a8       0x20 /usr/lib/gcc/arm-none-eabi/10.3.1/../../../arm-none-eabi/lib/thumb/v7e-m/nofp/libc.a(lib_a-mallocr.o)
 .debug_aranges
                0x00000000000001c8       0x20 /usr/lib/gcc/arm-none-eabi/10.3.1/../../../arm-none-eabi/lib/thumb/v7e-m/nofp/libc.a(lib_a-mlock.o)
 .debug_aranges
                0x00000000000001e8       0x20 /usr/lib/gcc/arm-none-eabi/10.3.1/../../../arm-none-eabi/lib/thumb/v7e-m/nofp/libc.a(lib_a-reent.o)
 .debug_aranges
                0x0000000000000208       0x20 /usr/lib/gcc/arm-none-eabi/10.3.1/../../../arm-none-eabi/lib/thumb/v7e-m/nofp/libc.a(lib_a-freer.o)

.debug_ranges   0x0000000000000000      0x2a0
 .debug_ranges  0x0000000000000000      0x108 /usr/lib/gcc/arm-none-eabi/10.3.1/thumb/v7e-m/nofp/libgcc.a(unwind-arm.o)
 .debug_ranges  0x0000000000000108       0x18 /usr/lib/gcc/arm-none-eabi/10.3.1/thumb/v7e-m/nofp/libgcc.a(pr-support.o)
 .debug_ranges  0x0000000000000120       0xc8 /usr/lib/gcc/arm-none-eabi/10.3.1/../../../arm-none-eabi/lib/thumb/v7e-m/nofp/libc.a(lib_a-signal.o)
 .debug_ranges  0x00000000000001e8       0x50 /usr/lib/gcc/arm-none-eabi/10.3.1/../../../arm-none-eabi/lib/thumb/v7e-m/nofp/libc.a(lib_a-__call_atexit.o)
 .debug_ranges  0x0000000000000238       0x50 /usr/lib/gcc/arm-none-eabi/10.3.1/../../../arm-none-eabi/lib/thumb/v7e-m/nofp/libc.a(lib_a-mallocr.o)
 .debug_ranges  0x0000000000000288       0x18 /usr/lib/gcc/arm-none-eabi/10.3.1/../../../arm-none-eabi/lib/thumb/v7e-m/nofp/libc.a(lib_a-reent.o)

.debug_line     0x0000000000000000     0x39f5
 .debug_line    0x0000000000000000     0x1023 /usr/lib/gcc/arm-none-eabi/10.3.1/thumb/v7e-m/nofp/libgcc.a(unwind-arm.o)
 .debug_line    0x0000000000001023       0xad /usr/lib/gcc/arm-none-eabi/10.3.1/thumb/v7e-m/nofp/libgcc.a(libunwind.o)
 .debug_line    0x00000000000010d0      0x55e /usr/lib/gcc/arm-none-eabi/10.3.1/thumb/v7e-m/nofp/libgcc.a(pr-support.o)
 .debug_line    0x000000000000162e      0x109 /usr/lib/gcc/arm-none-eabi/10.3.1/../../../arm-none-eabi/lib/thumb/v7e-m/nofp/libc.a(lib_a-abort.o)
 .debug_line    0x0000000000001737       0xc0 /usr/lib/gcc/arm-none-eabi/10.3.1/../../../arm-none-eabi/lib/thumb/v7e-m/nofp/libc.a(lib_a-atexit.o)
 .debug_line    0x00000000000017f7       0xed /usr/lib/gcc/arm-none-eabi/10.3.1/../../../arm-none-eabi/lib/thumb/v7e-m/nofp/libc.a(lib_a-fini.o)
 .debug_line    0x00000000000018e4       0xe4 /usr/lib/gcc/arm-none-eabi/10.3.1/../../../arm-none-eabi/lib/thumb/v7e-m/nofp/libc.a(lib_a-impure.o)
 .debug_line    0x00000000000019c8       0xbe /usr/lib/gcc/arm-none-eabi/10.3.1/../../../arm-none-eabi/lib/thumb/v7e-m/nofp/libc.a(lib_a-memcpy.o)
 .debug_line    0x0000000000001a86      0x1bf /usr/lib/gcc/arm-none-eabi/10.3.1/../../../arm-none-eabi/lib/thumb/v7e-m/nofp/libc.a(lib_a-memset.o)
 .debug_line    0x0000000000001c45      0x652 /usr/lib/gcc/arm-none-eabi/10.3.1/../../../arm-none-eabi/lib/thumb/v7e-m/nofp/libc.a(lib_a-signal.o)
 .debug_line    0x0000000000002297      0x1aa /usr/lib/gcc/arm-none-eabi/10.3.1/../../../arm-none-eabi/lib/thumb/v7e-m/nofp/libc.a(lib_a-signalr.o)
 .debug_line    0x0000000000002441      0x19e /usr/lib/gcc/arm-none-eabi/10.3.1/../../../arm-none-eabi/lib/thumb/v7e-m/nofp/libc.a(lib_a-__atexit.o)
 .debug_line    0x00000000000025df      0x294 /usr/lib/gcc/arm-none-eabi/10.3.1/../../../arm-none-eabi/lib/thumb/v7e-m/nofp/libc.a(lib_a-__call_atexit.o)
 .debug_line    0x0000000000002873      0x8bc /usr/lib/gcc/arm-none-eabi/10.3.1/../../../arm-none-eabi/lib/thumb/v7e-m/nofp/libc.a(lib_a-mallocr.o)
 .debug_line    0x000000000000312f      0x13e /usr/lib/gcc/arm-none-eabi/10.3.1/../../../arm-none-eabi/lib/thumb/v7e-m/nofp/libc.a(lib_a-mlock.o)
 .debug_line    0x000000000000326d      0x28d /usr/lib/gcc/arm-none-eabi/10.3.1/../../../arm-none-eabi/lib/thumb/v7e-m/nofp/libc.a(lib_a-reent.o)
 .debug_line    0x00000000000034fa      0x4fb /usr/lib/gcc/arm-none-eabi/10.3.1/../../../arm-none-eabi/lib/thumb/v7e-m/nofp/libc.a(lib_a-freer.o)

.debug_str      0x0000000000000000     0x1984
 .debug_str     0x0000000000000000      0xba0 /usr/lib/gcc/arm-none-eabi/10.3.1/thumb/v7e-m/nofp/libgcc.a(unwind-arm.o)
                                        0xc3e (size before relaxing)
 .debug_str     0x0000000000000ba0       0x3c /usr/lib/gcc/arm-none-eabi/10.3.1/thumb/v7e-m/nofp/libgcc.a(libunwind.o)
                                         0xa7 (size before relaxing)
 .debug_str     0x0000000000000bdc       0xdf /usr/lib/gcc/arm-none-eabi/10.3.1/thumb/v7e-m/nofp/libgcc.a(pr-support.o)
                                        0x560 (size before relaxing)
 .debug_str     0x0000000000000cbb      0x113 /usr/lib/gcc/arm-none-eabi/10.3.1/../../../arm-none-eabi/lib/thumb/v7e-m/nofp/libc.a(lib_a-abort.o)
                                        0x1a4 (size before relaxing)
 .debug_str     0x0000000000000dce       0x78 /usr/lib/gcc/arm-none-eabi/10.3.1/../../../arm-none-eabi/lib/thumb/v7e-m/nofp/libc.a(lib_a-atexit.o)
                                        0x1de (size before relaxing)
 .debug_str     0x0000000000000e46       0xc5 /usr/lib/gcc/arm-none-eabi/10.3.1/../../../arm-none-eabi/lib/thumb/v7e-m/nofp/libc.a(lib_a-fini.o)
                                        0x1d6 (size before relaxing)
 .debug_str     0x0000000000000f0b      0x422 /usr/lib/gcc/arm-none-eabi/10.3.1/../../../arm-none-eabi/lib/thumb/v7e-m/nofp/libc.a(lib_a-impure.o)
                                        0x57c (size before relaxing)
 .debug_str     0x000000000000132d       0xa2 /usr/lib/gcc/arm-none-eabi/10.3.1/../../../arm-none-eabi/lib/thumb/v7e-m/nofp/libc.a(lib_a-memcpy.o)
                                         0xae (size before relaxing)
 .debug_str     0x00000000000013cf       0xa9 /usr/lib/gcc/arm-none-eabi/10.3.1/../../../arm-none-eabi/lib/thumb/v7e-m/nofp/libc.a(lib_a-memset.o)
                                        0x1b5 (size before relaxing)
 .debug_str     0x0000000000001478       0xfe /usr/lib/gcc/arm-none-eabi/10.3.1/../../../arm-none-eabi/lib/thumb/v7e-m/nofp/libc.a(lib_a-signal.o)
                                        0x5eb (size before relaxing)
 .debug_str     0x0000000000001576       0x42 /usr/lib/gcc/arm-none-eabi/10.3.1/../../../arm-none-eabi/lib/thumb/v7e-m/nofp/libc.a(lib_a-signalr.o)
                                        0x578 (size before relaxing)
 .debug_str     0x00000000000015b8       0x36 /usr/lib/gcc/arm-none-eabi/10.3.1/../../../arm-none-eabi/lib/thumb/v7e-m/nofp/libc.a(lib_a-__atexit.o)
                                        0x5b6 (size before relaxing)
 .debug_str     0x00000000000015ee       0x8d /usr/lib/gcc/arm-none-eabi/10.3.1/../../../arm-none-eabi/lib/thumb/v7e-m/nofp/libc.a(lib_a-__call_atexit.o)
                                        0x5e2 (size before relaxing)
 .debug_str     0x000000000000167b      0x22b /usr/lib/gcc/arm-none-eabi/10.3.1/../../../arm-none-eabi/lib/thumb/v7e-m/nofp/libc.a(lib_a-mallocr.o)
                                        0x781 (size before relaxing)
 .debug_str     0x00000000000018a6       0x4c /usr/lib/gcc/arm-none-eabi/10.3.1/../../../arm-none-eabi/lib/thumb/v7e-m/nofp/libc.a(lib_a-mlock.o)
                                        0x589 (size before relaxing)
 .debug_str     0x00000000000018f2       0x5e /usr/lib/gcc/arm-none-eabi/10.3.1/../../../arm-none-eabi/lib/thumb/v7e-m/nofp/libc.a(lib_a-reent.o)
                                        0x59b (size before relaxing)
 .debug_str     0x0000000000001950       0x34 /usr/lib/gcc/arm-none-eabi/10.3.1/../../../arm-none-eabi/lib/thumb/v7e-m/nofp/libc.a(lib_a-freer.o)
                                        0x6cb (size before relaxing)

.debug_frame    0x0000000000000000      0x7c0
 .debug_frame   0x0000000000000000      0x2d4 /usr/lib/gcc/arm-none-eabi/10.3.1/thumb/v7e-m/nofp/libgcc.a(unwind-arm.o)
 .debug_frame   0x00000000000002d4      0x104 /usr/lib/gcc/arm-none-eabi/10.3.1/thumb/v7e-m/nofp/libgcc.a(pr-support.o)
 .debug_frame   0x00000000000003d8       0x28 /usr/lib/gcc/arm-none-eabi/10.3.1/../../../arm-none-eabi/lib/thumb/v7e-m/nofp/libc.a(lib_a-abort.o)
 .debug_frame   0x0000000000000400       0x20 /usr/lib/gcc/arm-none-eabi/10.3.1/../../../arm-none-eabi/lib/thumb/v7e-m/nofp/libc.a(lib_a-atexit.o)
 .debug_frame   0x0000000000000420       0x34 /usr/lib/gcc/arm-none-eabi/10.3.1/../../../arm-none-eabi/lib/thumb/v7e-m/nofp/libc.a(lib_a-fini.o)
 .debug_frame   0x0000000000000454       0x2c /usr/lib/gcc/arm-none-eabi/10.3.1/../../../arm-none-eabi/lib/thumb/v7e-m/nofp/libc.a(lib_a-memset.o)
 .debug_frame   0x0000000000000480      0x114 /usr/lib/gcc/arm-none-eabi/10.3.1/../../../arm-none-eabi/lib/thumb/v7e-m/nofp/libc.a(lib_a-signal.o)
 .debug_frame   0x0000000000000594       0x3c /usr/lib/gcc/arm-none-eabi/10.3.1/../../../arm-none-eabi/lib/thumb/v7e-m/nofp/libc.a(lib_a-signalr.o)
 .debug_frame   0x00000000000005d0       0x34 /usr/lib/gcc/arm-none-eabi/10.3.1/../../../arm-none-eabi/lib/thumb/v7e-m/nofp/libc.a(lib_a-__atexit.o)
 .debug_frame   0x0000000000000604       0x50 /usr/lib/gcc/arm-none-eabi/10.3.1/../../../arm-none-eabi/lib/thumb/v7e-m/nofp/libc.a(lib_a-__call_atexit.o)
 .debug_frame   0x0000000000000654       0x4c /usr/lib/gcc/arm-none-eabi/10.3.1/../../../arm-none-eabi/lib/thumb/v7e-m/nofp/libc.a(lib_a-mallocr.o)
 .debug_frame   0x00000000000006a0       0x30 /usr/lib/gcc/arm-none-eabi/10.3.1/../../../arm-none-eabi/lib/thumb/v7e-m/nofp/libc.a(lib_a-mlock.o)
 .debug_frame   0x00000000000006d0       0x64 /usr/lib/gcc/arm-none-eabi/10.3.1/../../../arm-none-eabi/lib/thumb/v7e-m/nofp/libc.a(lib_a-reent.o)
 .debug_frame   0x0000000000000734       0x8c /usr/lib/gcc/arm-none-eabi/10.3.1/../../../arm-none-eabi/lib/thumb/v7e-m/nofp/libc.a(lib_a-freer.o)

Cross Reference Table

Symbol                                            File
BusFault_Handler                                  CMakeFiles/test.dir/home/leduc/projet/ChibiOS_21.11.2/os/common/startup/ARMCMx/compilers/GCC/vectors.S.obj
DebugMon_Handler                                  CMakeFiles/test.dir/home/leduc/projet/ChibiOS_21.11.2/os/common/startup/ARMCMx/compilers/GCC/vectors.S.obj
HardFault_Handler                                 CMakeFiles/test.dir/home/leduc/projet/ChibiOS_21.11.2/os/common/startup/ARMCMx/compilers/GCC/vectors.S.obj
MemManage_Handler                                 CMakeFiles/test.dir/home/leduc/projet/ChibiOS_21.11.2/os/common/startup/ARMCMx/compilers/GCC/vectors.S.obj
NMI_Handler                                       CMakeFiles/test.dir/home/leduc/projet/ChibiOS_21.11.2/os/common/startup/ARMCMx/compilers/GCC/vectors.S.obj
PORTD                                             CMakeFiles/test.dir/actuators/Stepper/ULN200x.cc.obj
PendSV_Handler                                    CMakeFiles/test.dir/home/leduc/projet/ChibiOS_21.11.2/os/common/startup/ARMCMx/compilers/GCC/vectors.S.obj
Reset_Handler                                     CMakeFiles/test.dir/home/leduc/projet/ChibiOS_21.11.2/os/common/startup/ARMCMx/compilers/GCC/vectors.S.obj
SD2                                               CMakeFiles/test.dir/main.cc.obj
SVC_Handler                                       /home/leduc/.conan/data/chibios/21.11.2/user/testing/package/3625404c4d807a945b92be1dc3c9ce9ecefdfd6d/lib/libch.a(chcore.o)
                                                  CMakeFiles/test.dir/home/leduc/projet/ChibiOS_21.11.2/os/common/startup/ARMCMx/compilers/GCC/vectors.S.obj
SecureFault_Handler                               CMakeFiles/test.dir/home/leduc/projet/ChibiOS_21.11.2/os/common/startup/ARMCMx/compilers/GCC/vectors.S.obj
SysTick_Handler                                   CMakeFiles/test.dir/home/leduc/projet/ChibiOS_21.11.2/os/common/startup/ARMCMx/compilers/GCC/vectors.S.obj
UsageFault_Handler                                CMakeFiles/test.dir/home/leduc/projet/ChibiOS_21.11.2/os/common/startup/ARMCMx/compilers/GCC/vectors.S.obj
Vector100                                         CMakeFiles/test.dir/home/leduc/projet/ChibiOS_21.11.2/os/common/startup/ARMCMx/compilers/GCC/vectors.S.obj
Vector104                                         CMakeFiles/test.dir/home/leduc/projet/ChibiOS_21.11.2/os/common/startup/ARMCMx/compilers/GCC/vectors.S.obj
Vector108                                         CMakeFiles/test.dir/home/leduc/projet/ChibiOS_21.11.2/os/common/startup/ARMCMx/compilers/GCC/vectors.S.obj
Vector10C                                         CMakeFiles/test.dir/home/leduc/projet/ChibiOS_21.11.2/os/common/startup/ARMCMx/compilers/GCC/vectors.S.obj
Vector110                                         CMakeFiles/test.dir/home/leduc/projet/ChibiOS_21.11.2/os/common/startup/ARMCMx/compilers/GCC/vectors.S.obj
Vector114                                         CMakeFiles/test.dir/home/leduc/projet/ChibiOS_21.11.2/os/common/startup/ARMCMx/compilers/GCC/vectors.S.obj
Vector118                                         CMakeFiles/test.dir/home/leduc/projet/ChibiOS_21.11.2/os/common/startup/ARMCMx/compilers/GCC/vectors.S.obj
Vector11C                                         CMakeFiles/test.dir/home/leduc/projet/ChibiOS_21.11.2/os/common/startup/ARMCMx/compilers/GCC/vectors.S.obj
Vector120                                         CMakeFiles/test.dir/home/leduc/projet/ChibiOS_21.11.2/os/common/startup/ARMCMx/compilers/GCC/vectors.S.obj
Vector124                                         CMakeFiles/test.dir/home/leduc/projet/ChibiOS_21.11.2/os/common/startup/ARMCMx/compilers/GCC/vectors.S.obj
Vector128                                         CMakeFiles/test.dir/home/leduc/projet/ChibiOS_21.11.2/os/common/startup/ARMCMx/compilers/GCC/vectors.S.obj
Vector12C                                         CMakeFiles/test.dir/home/leduc/projet/ChibiOS_21.11.2/os/common/startup/ARMCMx/compilers/GCC/vectors.S.obj
Vector130                                         CMakeFiles/test.dir/home/leduc/projet/ChibiOS_21.11.2/os/common/startup/ARMCMx/compilers/GCC/vectors.S.obj
Vector134                                         CMakeFiles/test.dir/home/leduc/projet/ChibiOS_21.11.2/os/common/startup/ARMCMx/compilers/GCC/vectors.S.obj
Vector138                                         CMakeFiles/test.dir/home/leduc/projet/ChibiOS_21.11.2/os/common/startup/ARMCMx/compilers/GCC/vectors.S.obj
Vector13C                                         CMakeFiles/test.dir/home/leduc/projet/ChibiOS_21.11.2/os/common/startup/ARMCMx/compilers/GCC/vectors.S.obj
Vector140                                         CMakeFiles/test.dir/home/leduc/projet/ChibiOS_21.11.2/os/common/startup/ARMCMx/compilers/GCC/vectors.S.obj
Vector144                                         CMakeFiles/test.dir/home/leduc/projet/ChibiOS_21.11.2/os/common/startup/ARMCMx/compilers/GCC/vectors.S.obj
Vector148                                         CMakeFiles/test.dir/home/leduc/projet/ChibiOS_21.11.2/os/common/startup/ARMCMx/compilers/GCC/vectors.S.obj
Vector14C                                         CMakeFiles/test.dir/home/leduc/projet/ChibiOS_21.11.2/os/common/startup/ARMCMx/compilers/GCC/vectors.S.obj
Vector150                                         CMakeFiles/test.dir/home/leduc/projet/ChibiOS_21.11.2/os/common/startup/ARMCMx/compilers/GCC/vectors.S.obj
Vector154                                         CMakeFiles/test.dir/home/leduc/projet/ChibiOS_21.11.2/os/common/startup/ARMCMx/compilers/GCC/vectors.S.obj
Vector158                                         CMakeFiles/test.dir/home/leduc/projet/ChibiOS_21.11.2/os/common/startup/ARMCMx/compilers/GCC/vectors.S.obj
Vector15C                                         CMakeFiles/test.dir/home/leduc/projet/ChibiOS_21.11.2/os/common/startup/ARMCMx/compilers/GCC/vectors.S.obj
Vector160                                         CMakeFiles/test.dir/home/leduc/projet/ChibiOS_21.11.2/os/common/startup/ARMCMx/compilers/GCC/vectors.S.obj
Vector164                                         CMakeFiles/test.dir/home/leduc/projet/ChibiOS_21.11.2/os/common/startup/ARMCMx/compilers/GCC/vectors.S.obj
Vector168                                         CMakeFiles/test.dir/home/leduc/projet/ChibiOS_21.11.2/os/common/startup/ARMCMx/compilers/GCC/vectors.S.obj
Vector16C                                         CMakeFiles/test.dir/home/leduc/projet/ChibiOS_21.11.2/os/common/startup/ARMCMx/compilers/GCC/vectors.S.obj
Vector170                                         CMakeFiles/test.dir/home/leduc/projet/ChibiOS_21.11.2/os/common/startup/ARMCMx/compilers/GCC/vectors.S.obj
Vector174                                         CMakeFiles/test.dir/home/leduc/projet/ChibiOS_21.11.2/os/common/startup/ARMCMx/compilers/GCC/vectors.S.obj
Vector178                                         CMakeFiles/test.dir/home/leduc/projet/ChibiOS_21.11.2/os/common/startup/ARMCMx/compilers/GCC/vectors.S.obj
Vector17C                                         CMakeFiles/test.dir/home/leduc/projet/ChibiOS_21.11.2/os/common/startup/ARMCMx/compilers/GCC/vectors.S.obj
Vector180                                         CMakeFiles/test.dir/home/leduc/projet/ChibiOS_21.11.2/os/common/startup/ARMCMx/compilers/GCC/vectors.S.obj
Vector184                                         CMakeFiles/test.dir/home/leduc/projet/ChibiOS_21.11.2/os/common/startup/ARMCMx/compilers/GCC/vectors.S.obj
Vector188                                         CMakeFiles/test.dir/home/leduc/projet/ChibiOS_21.11.2/os/common/startup/ARMCMx/compilers/GCC/vectors.S.obj
Vector18C                                         CMakeFiles/test.dir/home/leduc/projet/ChibiOS_21.11.2/os/common/startup/ARMCMx/compilers/GCC/vectors.S.obj
Vector190                                         CMakeFiles/test.dir/home/leduc/projet/ChibiOS_21.11.2/os/common/startup/ARMCMx/compilers/GCC/vectors.S.obj
Vector194                                         CMakeFiles/test.dir/home/leduc/projet/ChibiOS_21.11.2/os/common/startup/ARMCMx/compilers/GCC/vectors.S.obj
Vector198                                         CMakeFiles/test.dir/home/leduc/projet/ChibiOS_21.11.2/os/common/startup/ARMCMx/compilers/GCC/vectors.S.obj
Vector19C                                         CMakeFiles/test.dir/home/leduc/projet/ChibiOS_21.11.2/os/common/startup/ARMCMx/compilers/GCC/vectors.S.obj
Vector1A0                                         CMakeFiles/test.dir/home/leduc/projet/ChibiOS_21.11.2/os/common/startup/ARMCMx/compilers/GCC/vectors.S.obj
Vector1A4                                         CMakeFiles/test.dir/home/leduc/projet/ChibiOS_21.11.2/os/common/startup/ARMCMx/compilers/GCC/vectors.S.obj
Vector1A8                                         CMakeFiles/test.dir/home/leduc/projet/ChibiOS_21.11.2/os/common/startup/ARMCMx/compilers/GCC/vectors.S.obj
Vector1AC                                         CMakeFiles/test.dir/home/leduc/projet/ChibiOS_21.11.2/os/common/startup/ARMCMx/compilers/GCC/vectors.S.obj
Vector1B0                                         CMakeFiles/test.dir/home/leduc/projet/ChibiOS_21.11.2/os/common/startup/ARMCMx/compilers/GCC/vectors.S.obj
Vector1B4                                         CMakeFiles/test.dir/home/leduc/projet/ChibiOS_21.11.2/os/common/startup/ARMCMx/compilers/GCC/vectors.S.obj
Vector1B8                                         CMakeFiles/test.dir/home/leduc/projet/ChibiOS_21.11.2/os/common/startup/ARMCMx/compilers/GCC/vectors.S.obj
Vector1BC                                         CMakeFiles/test.dir/home/leduc/projet/ChibiOS_21.11.2/os/common/startup/ARMCMx/compilers/GCC/vectors.S.obj
Vector1C0                                         CMakeFiles/test.dir/home/leduc/projet/ChibiOS_21.11.2/os/common/startup/ARMCMx/compilers/GCC/vectors.S.obj